Xu, Xu, Xu, Xu, Xu, Xu, Xu, Xu, Xu, Xu, Xu, Xu, Xu, Xu, Wog, Wog, Xu, Xu, Xoym, Rrc^Ii, Brym^Ii, Brym^Ii, Brym^Ii, Brym^Ii, Brym^Ii, Brym^Ii, Brym^Ii, Xoym, Xu, Xu, Xu, Xu, Xu, Xu, Xu, Xu, Xu, Xu, Xu, Uu, Uu, Xu
Xu, Xu, Xu, Xu, Xu, Xu, Xoa, Xu, Xu, Xu, Xu, Xu, Tb^Tf, Tb^Tf, Wog, Wog, Xu, Xu, Xoym, Rrc^Ii, Rrc^Ii, Brym^Ii, Brym^Ii, Brym^Ii, Brym^Ii, Brym^Ii, Xoym, Xoym, Xu, Xu, Xu, Xu, Xu, Xu, Xu, Xu, Xu, Xu, Uu, Uu, Uh, Xu
Xu, Xu, Xu, Xu, Xoa, Xoa, Urb, Xoa, Xoa, Xu, Xu, Xu, Tb^Tf, Tb^Tf, Wog, Wog, Xu, Xu, Xoym, Rrc, Rrc, Rrc, Brym, 1 Brym, Brym, Rrc, Xoym, Xu, Xu, Xu, Xu, Xu, Xu, Xu, Uu, Xu, Tb^Tf, 2 Uh, Tb^Tf, Uu, Xu, Xu
Xu, Xu, Xu, Xu, Xoa, Urb, Urb, Urb, Xoa, Xu, Xu, Xu, Tb^Tf, Tb^Tf, Wog, Wog, Xu, Xu, Xu, Xoym, Xoym, Rrc, Rrc, Brym, Brym, Rrc, Xoym, Xu, Xoym, Xoym, Xoym, Xoym, Xu, Uu^Vu, Rr, Rr, Uh, Tb^Tf, Uh, Xu, Xu, Xu
Xu, Xu, Xu, Xu, Xoa, Isa, Uu, Isa, Isa^Pr/, Xu, Xu, Xu, Xu, Tb^Tf, Wog, Wog, Xu, Xu, Xu, Xu, Xu, Xoym, Xoym, Brym, Brym, Rrc, Xoym, Xoym, Brym, Xoym, Brym, Xoym, Xoa, Uu^Dr, Rr^Dr, Uu, Uu, Uh, Xu, Tb, Xu, Xu
Xu, Xu, Xu, Xoa, Isa, Rr^Pr\, Xoa, Isa^Pr/o, Ur^Em, Tb^Tf, Ur^Em, Xu, Xu, Tb^Tf, Wog, Wog, Xu, Xu, Xu, Xu, Xu, Xu, Xoym, Brym, Brym, Brym, Brym, Xoym, Brym, Brym, Brym^Es, Rr, Isa, Tb^Tf, Uu^Em, Tb^Tf, Uu, Uu, Xu, Xu, Xu, Xu
Xu, Xu, Xu, Xoa, Uu^Dr, Isa, Xoa^Efs, Uu, Xoa, Ur^Em, Rr, Xu, Xu, Xu, Wog, Wog, Tb^Tf, Xu, Xu, Xu, Xu, Xu, Xoym, Isa, Isa, Brym, Brym, Brym^Es, Brym, Brym, Brym^Es, Brym^Dr, Xoym, Tb^Tf, Uu^Em, Uu, Xu, Uu, Xu, Xu, Xu, Xu
Xu, Xu, Xu, Xu, Xu, Rr^Dr, Uu, Rr, Xoa, Ur, Urb, Xoa, Xu, Xu, Wog, Wog, Wog, Xu, Xu, Xu, Xu, Xu, Xu, Xoym, Xoym, Xoym, Xoym, Brym, Brym^Es, Brym, Brym, Brym^Es, Xoym, Xu, Xu, Xu, Xu, Uh, Tb^Tf, Xu, Xu, Xu
Xu, Xu, Xu, Xu, Xu, Ur, Ur, Xoa, Xu, Xoa, Urb, Xoa, Xu, Xu, Xu, Wog, Wog, Wog, Wog, Xu, Xu, Xu, Xu, Xu, Xu, Xu, Xu, Xoym, Brym, Brym, Brym, Brym, Xoym, Xu, Xu, Xu, Uu^Vu, Xu, Uu, Xu, Xu, Xu
Xu, Xu, Xu, Xu, Xu, Ur, Uu^Em, Uh, Xu, Xoa, Ur^Edt, Xoa, Xu, Xu, Xu, Xu, Xu, Wog, Wog, Wog, Wog, Uh, Wog, Xu, Xu, Xu, Xu, Xoym, Brym, Brym, Brym, Brym^Es, Xoym, Xu, Xu, Uu, Uu, Uu, Xu, Xu, Xu, Xu
Xu, Xu, Xu, Xu, Xuc, Ur^Em, Uu, Uu^Vu, Xu, Xoa, Uu^Edt, Xoa, Xu, Xu, Xu, Xu, Tb^Tf, Wog, Wwg, Wwg, Wwg, Wog, Wog, Uh, Xu, Xu, Xu, Xoym, Brym^Bryu, Brym^Es, Brym, Brym, Xoym, Xu, Xu, Tb^Tf, Xu, Uu, Uu, Xu, Xu, Xu
Xu, Xu, Xu, Uu^Vu, Uu^Em, Ur, Uu, Xu, Xu, Uu^Edt, Uu^Edt, Uu^Dr, Xu, Xu, Xu, Xu, Xu, Wog, Wwg, Wwg, Wog, Uh, Wwg, Wog, Wwg, Xu, Xu, Xoym, Brym^Es, Brym^Es, Isa^Es, Rr, Xoym, Xoym, Xu, Xu, Xu, Xu, Xu, Tb^Tf, Tb^Tf, Xu
Xu, Xu, Uh, Uu^Tf, Uu^Em, Ur^Em, Uu^Em, Xuc, Xu, Xu, Ur^Dr, Uu^Edt, Xur, Xu, Xu, Xu, Xu, Xu, Xu, Uh, Xu, Wog, Wog, Wwf, Wwg, Xu, Xu, Xu, Isa, Isa, Isa, Isa, Xoa, Xoym, Xu, Xu, Xu, Xu, Uu, Tb^Tf, Xu, Xu
Xu, Xu, Xu, Uu^Em, Uu^Em, Ur^Em, Uu^Em, Uu^Tf, Xuc, Xu, Xu, Ur, Ur^Edt, Xuc, Uu^Edt, Xu, Uu^Ecf, Xu, Xu, Xu, Xu, Rb^Tf, Rb^Em, Wwg, Wwg, Xu, Xu, Xu, Xu, Isa, Ur, Uu, Isa, Xoa, Uu, Xu, Xu, Uu, Uu, Xu, Xu, Xu
Xu, Xu, Xu, Xuc, Uu^Em, Ur^Em, Ur^Em, Uh, Uu^Em, Xuc, Xu, Xu, Xu, Ur^Edt, Ur^Edt, Uu^Edt, Uu^Edt, Uu^Vct, Xu, Xu, Xuc, Wwf^Em, Xu, Wwg^Bw\r, Wwg^Bw\r, Rb^Em, Uh, Xu, Xu, Xu, Xu, Ur, Uu, Isa, Rr, Xu, Uu, Uu, Uu, Xu, Xu, Xu
Xu, Xu, Xu, Xu, Uh, Uu^Em, Uu^Tf, Ur^Em, Uu^Tf, Tb^Tf, Tb^Tf, Xu, Qxu, Qxu, Xu, Ur^Edt, Uu^Edt, Xu, Xur, Xu, Uu^Em, Rb^Em, Xu, Xu, Xuc, Rb, Xu, Xu, Xu, Xu, Xu, Xu, Uu, Rr, Rr, Uu, Xu, Uu, Xu, Xu, Xu, Xu
Xu, Xu, Xu, Tb^Tf, Uh, Uh, Xur, Ur^Em, Uu^Tf, Uu^Tf, Ur^Tf, Uu^Tf, Uu^Em, Qxu, Xuc, Xu, Xu, Xur, Rb^Em, Rb^Es, Rb, Rb^Em, Xu, Xu, Rb, Wwf, Xu, Xu, Xu, Xu, Uh, Uu, Uu, Rr, Uu, Xu, Xu, Xu, Xu, Xu, Xu, Xu
Xu, Xu, Xu, Xu, Xu, Xu, Xu, Ur^Em, Ur^Em, Ur^Em, Uu^Em, Ur^Em, Ur^Em, Re, Re^Es, Xur, Cer, Xur, Re^Em, Rb^Em, Xu, Xu, Xu, Xuc, Wwg^Bw|r, Xuc, Xu, Xu, Tb^Tf, Xu, Xu, Xu, Xu, Uu^Tf, Wwg^Tf, Xuc, Rb^Em, Xuc, Xuc, Xu, Xu, Xu
Xu, Xu, Xu, Xu, Xu, Xu, Xu, Xu, Xu, Xu, Xu, Uu^Em, Ur^Tf, Re^Es, Rb, Re, Rb, Re, Rb, Xur, Xu, Xu, Wog^Qhu, Wwg, Wwg^Bw\r, Xuc, Xuc, Xu, Rb^Tf, Rb^Tf, Rb, Xu, Xu, Uu^Tf, Uu^Vu, Wwrg, Xuc, Tb^Tf, Xuc, Xu, Xu, Xu
Xu, Xu, Xu, Xu, Xu, Xu, Xu, Xu, Xu, Xu, Xu, Xu, Xu, Uu^Vu, Xu, Rb^Tf, Cer, Rb, Tb, Xu, Xu, Tb, Uh, Wog^Qhu, Wwg^Qhu, Rb^Em, Rb, Rb, Xu, Xu, Xu, Rb^Edt, Rb, Xu, Xuc, Xuc, Wwrg, Rb^Em, Xu, Xu, Xu, Xu
Xu, Xu, Xu, Xu, Xu, Xu, Xu, Xu, Xu, Xu, Xu, Xu, Xu, Xu, Xu, Xu, Wog^Qhu, Wog^Qhu, Sm^Qhu, Xu, Uu^Tf, Wog^Qhu, Wog^Qhu, Wog^Qhu, Xu, Xu, Uu^Vu, Xu, Xu, Xu, Xu, Xu, Wwf, Wwf, Wwg, Wwf, Xu, Xu, Xu, Xu, Xu, Xu
Xu, Xu, Xu, Xu, Xu, Xu, Xu, Xu, Xu, Xu, Xu, Xu, Xu, Xu, Xu, Xu, Wog^Qhu, Wog^Qhu, Xu, Xu, Xu, Wog^Qhu, Wog^Qhu, Xu, Xu, Xu, Xu, Xu, Xu, Xu, Xu, Xu, Xu, Xu, Xu, Xu, Xu, Xu, Xu, Xu, Xu, Xu
