border_size=1
usage=map

Aa          , Ha          , Ha          , Ha          , Ha          , Ms          , Ms          , Ms          , Ha          , Ha          , Ha          , Ha          , Ha          , Ha          , Ha          , Ha          , Ha          , Ha          , Ha          , Ha          , Ha          , Ha          , Ha          , Ha          , Ms          , Ms          , Ms          , Ms          , Ms          , Ms          , Ms          , Ms          , Ms          , Ms          , Ms          , Ms          , Ha          
Aa          , Ha          , Ha          , Ha          , Ha          , Ha          , Ha          , Ha          , Ha          , Ha          , Ha          , Ha          , Ha          , Ha          , Aa          , Aa          , Aa          , Aa          , Aa          , Ha          , Ha          , Ha          , Ha          , Ha          , Ha          , Ha          , Ha          , Ha          , Ha          , Ha          , Aa          , Aa^Fpa      , Aa^Fpa      , Aa^Fpa      , Aa^Fpa      , Ha          , Ha          
Aa          , Aa          , Aa^Vca      , Aa^Fpa      , Aa^Fpa      , Aa^Fpa      , Aa^Fpa      , Aa          , Aa          , Aa          , Re^Gvs      , Re^Gvs      , Re^Gvs      , Aa          , Gg          , Gs          , Re^Gvs      , Gs          , Gs          , Aa          , Aa^Fpa      , Aa^Fpa      , Aa^Fpa      , Aa^Fpa      , Aa^Fpa      , Aa^Fpa      , Gg          , Re^Gvs      , Re^Gvs      , Re^Gvs      , Re^Gvs      , Gg^Vc       , Gg          , Aa          , Aa          , Aa^Fpa      , Ha          
Aa          , Aa          , Aa^Fpa      , Aa^Fpa      , Aa^Fpa      , Aa^Fpa      , Aa          , Aa          , Aa          , Aa          , Re^Gvs      , Re^Gvs      , Re^Gvs      , Gg^Vc       , Re^Gvs      , Re^Gvs      , Re^Gvs      , Re^Gvs      , Gg          , Gg          , Gg          , Aa^Fpa      , Aa^Fpa      , Aa^Fpa      , Aa^Fpa      , Aa^Fpa      , Re          , Re          , Re          , Re^Gvs      , Re^Gvs      , Re^Gvs      , Gg          , Aa          , Aa          , Aa          , Ha          
Aa          , Aa^Fpa      , Aa^Fpa      , Aa^Fpa      , Aa^Fpa      , Aa^Fpa      , Aa          , Aa          , Aa          , Aa          , Gg          , Re^Gvs      , Gll         , Re^Gvs      , Re^Gvs      , Re^Gvs      , Re^Gvs      , Re^Gvs      , Re          , Re          , Re          , Gg          , Gs^Fp       , Gs^Fp       , Gg          , Re          , Uue         , Uue         , Re          , Re^Gvs      , Re^Gvs      , Re^Gvs      , Aa          , Aa          , Aa          , Aa          , Ha          
Aa          , Aa^Fpa      , Aa^Fpa      , Aa^Fpa      , Aa^Fpa      , Aa          , Aa          , Aa          , Aa^Fpa      , Aa^Fpa      , Aa^Fpa      , Gg          , Gg          , Re^Gvs      , Re^Gvs      , Re^Gvs      , Re^Gvs      , Re^Gvs      , Uue         , Uue         , Re          , Gg          , Gg          , Gs^Fp       , Gg          , Re          , Re          , Uue         , Re          , Gg          , Aa          , Aa          , Aa          , Aa          , Aa          , Aa          , Ha          
Aa          , Aa^Fpa      , Aa^Fpa      , Aa^Fpa      , Gg          , Gg          , Aa          , Aa^Fpa      , Aa^Fpa      , Aa^Fpa      , Aa^Fpa      , Aa          , Gg          , Gll         , Re^Gvs      , Re^Gvs      , Re^Gvs      , Re^Gvs      , Uue         , Uue         , Re          , Gg          , Ce          , Gg          , Ce          , Gg          , Ce          , Re          , Ce          , Gg          , Ce          , Gg          , Gg          , Aa          , Aa          , Aa          , Aa          
Aa          , Aa          , Aa          , Gg          , Gg          , Gg          , Gg          , Aa          , Aa^Vca      , Aa^Fpa      , Aa          , Aa          , Gg          , Gg          , Gg^Vc       , Re^Gvs      , Re^Gvs      , Re^Gvs      , Re          , Uue         , Re          , Gg          , Gg          , Ce          , Gg          , Ce          , Gg          , Ce          , Re^Gvs      , Ce          , Re^Gvs      , Ce          , Cea         , Ha          , Ha          , Aa          , Aa          
Aa          , Aa          , Aa          , Gg          , Ce          , Ce          , Gg          , Gg          , Gg          , Gg          , Gg          , Gg          , Gg          , Gg          , Gg          , Re^Gvs      , Re^Gvs      , Re^Gvs      , Gg          , Re          , Gg          , Gg          , Gg          , Gg          , Gs          , Gg          , Re^Gvs      , Re^Gvs      , Re^Gvs      , Re^Gvs      , Re^Gvs      , Re^Gvs      , Re^Gvs      , Cea         , Ha          , Ha          , Aa          
Aa          , Aa          , Aa          , Gg          , Ce          , 1 Ke        , Ce          , Gg          , Gg          , Gg^Es       , Gg          , Gg          , Gs^Fp       , Gg          , Gd          , Gg          , Gg          , Gg          , Gg          , Gg          , Ce          , Ce          , Ce          , Gg          , Gg^Es       , Gg          , Re^Gvs      , Re^Gvs      , Re^Gvs      , Re^Gvs      , Re^Gvs      , Re^Gvs      , Re^Gvs      , Cea         , Ha          , Ha          , Aa          
Aa          , Aa          , Aa          , Gg          , Gg          , Gg          , Gg          , Gg          , Gg          , Gll         , Gg          , Gg          , Gll         , Gg          , Gg          , Gg          , Gg          , Gg^Es       , Gg          , Gg          , Re          , Ke          , Re          , Gg          , Gg          , Gg          , Gg          , Gs^Fp       , Re^Gvs      , Re^Gvs      , Gg          , Re^Gvs      , Re^Gvs      , Cea         , Ha          , Ha          , Ms          
Re          , Re          , Re          , Re          , Re          , Re          , Re          , Re          , Re          , Gg          , Re          , Gg          , Gg          , Gg          , Aa          , Aa          , Gg          , Gg          , Gs^Fp       , Gg          , Gg          , Re          , 2 Gg        , Gg          , Gg^Vh       , Gg          , Gg^Wm       , Gg^Vh       , Re          , Gg          , Gd          , Gg          , Re^Gvs      , Cea         , Ha          , Ms          , Ms          
Re          , Re          , Re          , Re          , Gs          , Re          , Re          , Re          , Re          , Re          , Re          , Re          , Re          , Gll         , Aa          , Re          , Re          , Re          , Re          , Re          , Re          , Re          , Re          , Re          , Re          , Re          , Re          , Re          , Rp          , Rp          , Gg^Fet      , Re^Efm      , Re^Gvs      , Cea         , Ha          , Ms          , Ms          
Aa          , Aa          , Aa          , Gs          , Gs^Es       , Gs          , Gs          , Gs^Fp       , Gs          , Gs          , Re^Gvs      , Re^Gvs      , Re^Gvs      , Re          , Re^Gvs      , Re          , Gs          , Re          , Gd          , Re          , Gg          , Re          , 3 Gll       , Re          , Gg^Vh       , Gg^Wm       , Re          , Gg^Wm       , Rp          , Rr^Vhc      , Gs^Efm      , Gd^Efm      , Re^Gvs      , Cea         , Cea         , Ha          , Aa          
Aa          , Aa          , Aa          , Gs          , Gg          , Gs          , Re          , Gs          , Uue         , Gs          , Re^Gvs      , Re^Gvs      , Re^Gvs      , Re^Gvs      , Re^Gvs      , Re^Gvs      , Re^Gvs      , Uue         , Re          , Gd          , Re          , Re          , Re          , Gs          , Gll         , Gs          , Re          , Gg^Vh       , Gs          , Rp          , Re^Gvs      , Re^Gvs      , Re^Gvs      , Cea         , Aa^Fpa      , Aa^Fpa      , Aa^Fpa      
Aa          , Aa          , Aa^Fpa      , Aa          , Aa          , Gs          , Gs          , Uue         , Re          , Gs          , Gll         , Re^Gvs      , Aa          , Aa          , Re^Gvs      , Re^Gvs      , Re^Gvs      , Re^Gvs      , Gll         , Gd          , Ce          , Ke          , Ce          , Gs          , Re          , Gs^Fp       , Re          , Gg^Es       , Re^Gvs      , Re^Gvs      , Re^Gvs      , Re^Gvs      , Re^Gvs      , Cea         , Aa^Fpa      , Aa^Fpa      , Aa^Fpa      
Aa          , Aa^Fpa      , Aa^Fpa      , Aa^Fpa      , Aa^Fpa      , Gs          , Gg          , Gs          , Gll         , Gll         , Gs          , Aa          , Gs          , Aa^Vca      , Re^Gvs      , Re^Gvs      , Re^Gvs      , Re^Gvs      , Re^Gvs      , Re^Gvs      , Gs          , Ce          , Re^Gvs      , Uue         , Uue         , Gs          , Re          , Gll         , Gg          , Re^Gvs      , Re^Gvs      , Re^Gvs      , Re^Gvs      , Cea         , Aa^Fpa      , Aa^Fpa      , Aa^Fpa      
Aa          , Aa^Fpa      , Aa^Fpa      , Aa^Fpa      , Aa^Fpa      , Aa^Vca      , Gll         , Gll         , Aa          , Aa          , Aa          , Aa          , Aa          , Re^Gvs      , Re^Gvs      , Re^Gvs      , Re^Gvs      , Re^Gvs      , Re^Gvs      , Re^Gvs      , Re^Gvs      , Re^Gvs      , Re^Gvs      , Uue         , Re          , Gs          , Ww^Bw|      , Gg          , Ww          , Gg          , Gg          , Re^Gvs      , Re^Gvs      , Cea         , Aa^Fpa      , Aa^Fpa      , Aa^Fpa      
Aa          , Aa          , Aa^Fpa      , Aa^Fpa      , Aa^Fpa      , Aa^Fpa      , Aa^Fpa      , Aa^Fpa      , Aa^Fpa      , Aa          , Aa^Fpa      , Aa          , Aa          , Re^Gvs      , Re^Gvs      , Re^Gvs      , Re^Gvs      , Re^Gvs      , Re^Gvs      , Re^Gvs      , Re^Gvs      , Re^Gvs      , Re^Gvs      , Re^Gvs      , Gd          , Ww          , Ww          , Ww          , Ww          , Ww          , Gs^Fp       , Re^Gvs      , Cea         , Cea         , Aa^Fpa      , Aa^Fpa      , Aa^Fpa      
Aa          , Aa          , Aa^Fpa      , Aa^Fpa      , Aa^Fpa      , Aa^Fpa      , Aa^Fpa      , Aa^Fpa      , Aa^Fpa      , Aa^Fpa      , Aa^Fpa      , Aa^Fpa      , Aa^Fpa      , Aa          , Re^Gvs      , Re^Gvs      , Re^Gvs      , Re^Gvs      , Aa^Fpa      , Re^Gvs      , Re^Gvs      , Re^Gvs      , Gg          , Gs          , Ww          , Ww          , Ww          , Ww          , Ww          , Gs^Fp       , Aa^Fpa      , Gs^Fp       , Aa^Fpa      , Aa^Fpa      , Aa^Fpa      , Aa^Fpa      , Aa^Fpa      
Aa          , Aa          , Aa^Fpa      , Aa^Fpa      , Aa^Fpa      , Aa^Fpa      , Aa          , Aa^Fpa      , Aa^Fpa      , Aa^Fpa      , Aa^Fpa      , Aa^Fpa      , Aa^Fpa      , Aa          , Aa          , Gs^Fp       , Aa          , Aa^Fpa      , Aa^Fpa      , Aa^Fpa      , Aa^Fpa      , Gg          , Ai          , Ww          , Ai          , Ww          , Ww          , Ww          , Ww          , Ai          , Aa^Fpa      , Aa^Fpa      , Aa^Fpa      , Aa^Fpa      , Aa^Fpa      , Aa^Fpa      , Aa          
Aa          , Aa          , Aa          , Aa          , Aa          , Aa          , Aa          , Aa          , Aa          , Aa          , Aa          , Aa          , Aa          , Aa          , Aa          , Aa          , Aa          , Aa          , Aa          , Aa          , Aa          , Aa          , Aa          , Ww          , Ww          , Ww          , Ww          , Ww          , Ww          , Ww          , Ww          , Aa^Fpa      , Aa^Fpa      , Aa^Fpa      , Aa^Fpa      , Aa^Fpa      , Aa^Fpa      
