border_size=1
usage=map

Wo          , Wo          , Wo          , Wo          , Wo          , Wo          , Wo          , Wo          , Wo          , Wo          , Wo          , Wo          , Wo          , Wo          , Wo          , Wo          , Wo          , Wo          , Wo          , Wo          , Ha          , Ha          , Ha          , Ha          , Ha          , Aa          , Aa          , Ha          , Ha          , Ha          , Ha          , Ha          , Ha          , Ha          , Ha          , Ha          , Ha          , Ha          , Ha          , Ha          , Ha          , Ha          
Wo          , Wo          , Wo          , Wo          , Cha         , Wo          , Cha         , Wo          , Cha         , Wo          , Wo          , Wo          , Ai          , Wo          , Ai          , Wo          , Wo          , Wo          , Wo          , Wo          , Wo          , Aa          , Aa          , Aa          , Ai          , Wo          , Ch          , Wo          , Ch          , Aa          , Wo          , Wo          , Wo          , Aa          , Aa          , Aa          , Aa          , Aa          , Aa          , Ha          , Aa          , Aa          
Ai          , Ww          , Aa          , Wo          , Cha         , Cha         , Cha         , Cha         , Ai          , Cha         , Ch          , Cha         , Ch          , Cha         , Ch          , Ch          , Ch          , Ch          , Ch          , Ch          , Ch          , Ch          , Ch          , Ch          , Ch          , Ch          , Cha         , Ch          , Cha         , Ch          , Ch          , Ch          , Ch          , Ch          , Ch          , Wo          , Ch          , Wo          , Wo          , Wo          , Aa          , Aa          
Ai          , Aa          , Aa          , Wo          , Ch          , Rp          , Aa          , Ai          , Ai          , Aa          , Rp          , Rr          , Rr          , Rr          , Rr          , Rr          , Rr          , Ch          , Rr          , Rr          , Rr          , Ch          , Rr          , Ch          , Rb          , Aa          , Aa          , Ai          , Aa          , Aa          , Aa          , Rp          , Aa          , Rp          , Rp          , Ch          , Rr          , Ch          , Ch          , Wo          , Aa          , Aa          
Aa          , Aa          , Aa          , Wo          , Ch          , Rp          , Rp          , Aa          , Aa          , Aa          , Aa          , Rp          , Ch          , Ch          , Ch          , Rp          , Rp^Es       , Rr          , Rp          , Rp          , Rp          , Rr          , Rb          , Rb          , Aa          , Aa          , Rb          , Aa          , Rp          , Aa          , Aa          , Aa          , Aa          , Aa          , Rp          , Rr          , Ch          , Rr          , Ch          , Wo          , Aa          , Aa          
Aa          , Aa          , Aa          , Wo          , Ch          , Rp          , Gg^Vh       , Aa^Vha      , Gg^Vh       , Aa          , Aa          , Rp          , Rp          , Ch          , Ch          , Rp          , Rp          , Rp          , Ch          , Ch          , Ch          , Rb          , Rb          , Aa          , Rb          , Ch          , Rb          , Gg          , Gg          , Gg          , Rr^Vhc      , Gg          , Gg          , Rp          , Rp          , Rr          , Rr          , Rr          , Ch          , Wo          , Aa          , Aa          
Aa          , Aa^Fpa      , Wo          , Wo          , Ch          , Rp          , Rp          , Rb          , Gg          , Gg          , Aa          , Aa          , Aa          , Rp          , Rp          , Rp          , Ch          , Ch          , Rrc         , 2 Kh        , Rrc         , Ch          , Ch          , Rb          , Rb          , Rb          , Gg          , Gg          , Gg^Fet      , Gg^Fet      , Rr^Vhc      , Rr          , Rr          , Gg          , Gg          , Rp          , Rp          , Rp          , Ch          , Wo          , Aa          , Aa          
Aa          , Aa^Fpa      , Wo          , Wo          , Cha         , Rp          , Aa          , Rb          , Rr          , Rr^Vhc      , Rr^Vhc      , Gg          , Gg          , Rp          , Rp          , Rp          , Rp          , Ch          , Rrc         , Rrc         , Rrc         , Ch          , Rb          , Rb          , Aa          , Aa          , Aa          , Gg          , Rr^Vhc      , Rr^Vhc      , Rr          , Rr          , Gg          , Rr^Vhc      , Rp^Es       , Rp          , Re          , Re          , Ch          , Wo          , Aa          , Aa          
Aa          , Aa^Fpa      , Ai          , Ai          , Cha         , Aa          , Aa          , Aa          , Aa          , Rr          , Rr          , Rr^Vhc      , Rr^Vhc      , Gg          , Rp          , Ai          , Rp          , Ch          , Rrc         , Rrc         , Rrc         , Ch          , Rb          , Rb          , Aa          , Ai          , Rr          , Rr          , Rr          , Rr          , Gg^Es       , Rr^Vhc      , Rr          , Rr          , Rr          , Rp          , Re          , Re          , Ch          , Wo          , Aa          , Aa          
Aa          , Aa^Fpa      , Aa^Fpa      , Wwf         , Wo          , Cha         , Aa          , Kha         , Cha         , Aa          , Aa          , Rr          , Rr          , Gg^Fet      , Rp          , Rp          , Rp          , Ch          , Rrc         , Rrc         , Rrc         , Ch          , Rb          , Rb          , Rp          , Rr          , Rr          , Rr          , Aa          , Gg          , Gg          , Rr          , Rr          , Ch          , 3 Kh        , Rr          , Rp          , Re          , Ch          , Wo          , Aa          , Aa          
Aa          , Aa^Fpa      , Aa^Fpa      , Wo          , Wo          , Cha         , Cha         , Rb          , Rb          , Rb          , Rb          , Rb          , Rb^Es       , Rr          , Rr          , Rp^Es       , Rp          , Ch          , Rrc         , Rrc         , Rrc         , Ch          , Rp          , Rp          , Rr          , Rr          , Aa          , Aa          , Ai          , Aa          , Rp          , Rp^Es       , Rr          , Ch          , Rr          , Rr          , Rp          , Re          , Ch          , Wo          , Aa          , Aa          
Aa          , Aa^Fpa      , Aa^Fpa      , Wo          , Wo          , Wo          , Wo          , Cha         , Cha         , Rb          , Cha         , Rb          , Rb          , Rb          , Rb          , Rr          , Rr          , Ch          , Rrc         , Ch          , Rrc         , Ch          , Rr          , Rr          , Rp          , Rp          , Aa          , Aa          , Ai          , Aa          , Aa          , Rp          , Rp          , Rr          , Rp          , Rp          , Ch          , Ch          , Wo          , Wo          , Aa          , Aa          
Aa          , Aa^Fpa      , Aa^Fpa      , Ai          , Ai          , Wo          , Wo          , Wo          , Wo          , Cha         , Wo          , Cha         , Cha         , Cha         , Cha         , Rb          , Ch          , Rr          , Rr          , Rr          , Rr          , Rr          , Ch          , Rp          , Ch          , Ch          , Ch          , Ai          , Ch          , Ai          , Ch          , Aa          , Ch          , Rp          , Ch          , Ch          , Ch          , Wo          , Wo          , Wo          , Aa          , Aa          
Aa          , Aa          , Aa          , Ai          , Aa          , Ai          , Aa          , Wo          , Wo          , Wo          , Aa          , Wo          , Ai          , Cha         , Ai          , Cha         , Wo          , Ch          , Wo^Bw|      , Wo^Bw|      , Wo^Bw|      , Ch          , Wo          , Ch          , Wo          , Ch          , Wo          , Ch          , Wo          , Ch          , Ww          , Ch          , Wo          , Ch          , Wo          , Wo          , Wo          , Wo          , Ww          , Ww          , Aa          , Aa          
Aa          , Aa^Fpa      , Aa          , Aa          , Aa          , Aa          , Aa          , Ds          , Ds          , Ds          , Ds          , Aa          , Aa          , Wo          , Aa          , Wo          , Wo          , Wo          , Wo^Bw|      , Wo^Bw|      , Wo^Bw|      , Wo          , Wo          , Wo          , Wo          , Wo          , Ai          , Wo          , Ai          , Wo          , Wwf         , Wo          , Ai          , Wo          , Wo          , Wo          , Aa          , Ai          , Ww          , Ww          , Aa          , Aa          
Ha          , Ha          , Ha          , Aa          , Aa          , Aa          , Aa          , Ds          , Aa          , Ds          , Aa          , Ds          , Aa          , Aa          , Ds          , Ds          , Ds          , Ds          , Wo^Bw|      , Wo^Bw|      , Wo^Bw|      , Ds          , Ds          , Ds          , Ds          , Aa          , Aa          , Aa          , Aa          , Aa          , Wwf         , Wwf         , Ai          , Ai          , Ai          , Aa          , Aa          , Aa          , Ww          , Ww          , Aa          , Aa          
Ha          , Ms          , Ms          , Ha          , Ha          , Aa          , Aa          , Aa          , Aa          , Aa          , Aa          , Aa          , Aa^Fpa      , Aa          , Aa          , Ds          , Aa          , Ds          , Rd          , Rd          , Rd          , Ds          , Aa          , Ds          , Aa          , Aa          , Aa          , Aa          , Aa          , Ai          , Aa          , Aa          , Aa          , Aa          , Aa          , Aa          , Aa^Vha      , Aa^Fpa      , Ww          , Ww          , Aa^Fpa      , Aa          
Ha          , Ms          , Ms          , Ms          , Ms          , Ha          , Aa^Fpa      , Aa^Fpa      , Gg^Vh       , Rb^Gvs      , Rb^Gvs      , Aa^Fpa      , Aa^Fpa      , Aa^Fpa      , Aa^Fpa      , Aa          , Aa          , Rd          , Re          , Re          , Re          , Rd          , Aa          , Aa          , Aa          , Aa          , Aa          , Aa          , Aa          , Aa          , Aa^Fpa      , Aa          , Aa^Fpa      , Aa          , Aa^Fpa      , Aa^Fpa      , Aa          , Aa^Fpa      , Ww          , Ww          , Aa^Fpa      , Aa          
Ha          , Ms          , Ms          , Ms          , Ms          , Ha          , Aa^Fpa      , Aa^Fpa      , Rb^Gvs      , Rb^Gvs      , Aa^Fpa      , Aa^Fpa      , Aa^Fpa      , Aa^Fpa      , Aa^Fpa      , Aa^Vha      , Aa^Fpa      , Aa          , Rb          , Rb          , Rb          , Re          , Aa          , Aa^Fpa      , Aa^Fpa      , Aa^Fpa      , Aa^Fpa      , Aa^Vha      , Aa          , Aa^Fpa      , Aa^Fpa      , Aa^Fpa      , Aa^Fpa      , Aa^Fpa      , Aa^Fpa      , Aa^Fpa      , Aa^Fpa      , Aa^Fpa      , Ai          , Ww          , Ai          , Aa          
Ha          , Ms          , Ms          , Ms          , Ms          , Ha          , Aa^Fpa      , Aa^Fpa      , Rb^Gvs      , Rb^Gvs      , Aa^Fpa      , Aa^Fpa      , Aa^Fpa      , Aa^Fpa      , Aa^Fpa      , Aa^Fpa      , Aa^Fpa      , Aa          , Aa          , Rb          , Rb          , Rb          , Aa          , Aa          , Aa^Fpa      , Aa^Fpa      , Aa^Fpa      , Aa^Fpa      , Aa^Fpa      , Aa          , Aa          , Aa^Fpa      , Aa^Fpa      , Aa^Fpa      , Aa^Fpa      , Aa^Fpa      , Aa^Fpa      , Aa^Fpa      , Ai          , Ww          , Ai          , Aa          
Ha          , Ha          , Ms          , Ms          , Ha          , Ha          , Rb^Gvs      , Rb^Gvs      , Rb^Gvs      , Aa^Fpa      , Aa^Fpa      , Aa^Fpa      , Aa^Fpa      , Aa^Fpa      , Aa^Fpa      , Aa^Fpa      , Aa^Fpa      , Aa          , Aa          , Rb          , Rb          , Re          , Aa          , Aa          , Aa^Fpa      , Aa^Fpa      , Aa^Fpa      , Aa^Fpa      , Aa^Fpa      , Aa^Fpa      , Aa^Fpa      , Aa          , Aa^Vha      , Aa^Fpa      , Aa^Fpa      , Aa^Fpa      , Aa^Fpa      , Aa^Fpa      , Ai          , Ai          , Ai          , Aa          
Ha          , Ms          , Ms          , Ms          , Ha          , Ha          , Rb^Gvs      , Rb^Gvs      , Rb^Gvs      , Aa^Fpa      , Aa^Fpa      , Aa^Fpa      , Aa^Fpa      , Aa^Fpa      , Aa^Fpa      , Aa^Fpa      , Aa^Fpa      , Aa^Fpa      , Aa          , Rb          , Rb          , Rb          , Aa          , Aa          , Aa^Fpa      , Aa^Fpa      , Aa^Fpa      , Aa^Fpa      , Aa^Fpa      , Aa^Fpa      , Aa^Fpa      , Aa^Fpa      , Aa^Fpa      , Aa^Fpa      , Aa^Fpa      , Aa^Fpa      , Aa^Fpa      , Aa^Fpa      , Ai          , Ai          , Ai          , Aa          
Ha          , Ha          , Ms          , Ms          , Ha          , Ha          , Ha          , Rb^Gvs      , Rb^Gvs      , Aa^Fpa      , Aa^Fpa      , Aa^Fpa      , Aa^Fpa      , Aa^Fpa      , Aa^Fpa      , Aa^Fpa      , Aa^Fpa      , Aa^Fpa      , Aa          , Cea         , Rb          , Rb          , Aa          , Aa          , Aa^Fpa      , Aa^Fpa      , Aa^Fpa      , Aa^Fpa      , Aa^Fpa      , Aa^Fpa      , Aa^Fpa      , Aa^Fpa      , Aa^Fpa      , Aa^Fpa      , Ss          , Ss          , Ai          , Ai          , Ww          , Ai          , Ai          , Aa          
Ha          , Ms          , Ms          , Ms          , Ha          , Ha          , Ha^Vhha     , Ha          , Aa^Fpa      , Aa^Fpa      , Aa^Fpa      , Aa^Fpa      , Aa^Fpa      , Aa^Fpa      , Aa^Fpa      , Aa^Fpa      , Aa^Fpa      , Aa^Fpa      , Aa          , Kea         , Rb          , Rb          , Aa          , Aa          , Aa^Fpa      , Aa^Fpa      , Aa^Fpa      , Aa^Fpa      , Aa^Fpa      , Aa^Fpa      , Aa^Fpa      , Aa^Fpa      , Ai          , Ai          , Ss          , Ai          , Ww          , Ww          , Ai          , Ai          , Aa^Fpa      , Aa          
Ha          , Ms          , Ms          , Ha          , Ha          , Ha          , Aa^Fpa      , Ha          , Ha          , Aa^Fpa      , Aa^Fpa      , Aa^Fpa      , Aa^Fpa      , Aa^Fpa      , Rb^Gvs      , Aa^Vha      , Rb^Gvs      , Aa^Fpa      , Aa          , Aa          , Rb          , Rb          , Aa          , Aa          , Aa^Fpa      , Aa^Fpa      , Aa^Fpa      , Aa^Fpa      , Aa^Fpa      , Aa          , Ai          , Ss          , Ss          , Ss          , Ss          , Ww          , Ww          , Ww          , Aa^Fpa      , Aa^Fpa      , Aa^Fpa      , Aa          
Ha          , Ha          , Ha          , Ha          , Ha          , Ha          , Aa          , Aa^Fpa      , Aa^Fpa      , Aa^Fpa      , Aa^Fpa      , Aa^Fpa      , Aa^Fpa      , Aa^Fpa      , Rb^Gvs      , Rb^Gvs      , Rb^Gvs      , Rb^Gvs      , Aa          , Rb          , Rb          , Rb          , Aa          , Aa          , Aa^Fpa      , Aa^Fpa      , Aa^Fpa      , Aa^Fpa      , Aa^Fpa      , Ai          , Aa          , Ai          , Ss          , Ss^Vhs      , Ss          , Ww          , Aa^Fpa      , Aa^Fpa      , Aa^Fpa      , Aa^Fpa      , Aa^Fpa      , Aa          
Ha          , Ha          , Aa^Fpa      , Ha          , Aa^Fpa      , Aa^Fpa      , Aa          , Aa          , Aa^Fpa      , Aa^Fpa      , Aa^Fpa      , Aa^Fpa      , Aa^Fpa      , Aa^Fpa      , Aa^Fpa      , Rb^Gvs      , Aa^Fpa      , Aa          , Aa          , Re          , Rb          , Rb          , Aa          , Aa^Fpa      , Aa^Fpa      , Aa^Fpa      , Aa^Fpa      , Aa^Fpa      , Aa^Fpa      , Aa          , Aa^Fpa      , Aa^Fpa      , Aa^Fpa      , Ss          , Aa^Fpa      , Ai          , Aa^Fpa      , Aa^Fpa      , Aa^Fpa      , Aa^Fpa      , Aa^Fpa      , Aa          
Ha          , Ha          , Aa^Fpa      , Aa^Fpa      , Aa^Fpa      , Aa^Fpa      , Aa^Fpa      , Aa^Fpa      , Aa^Fpa      , Aa^Fpa      , Aa^Fpa      , Aa^Fpa      , Aa^Fpa      , Aa^Fpa      , Aa^Fpa      , Aa^Fpa      , Aa^Fpa      , Aa          , Aa          , Rb          , Rb          , Re          , Aa          , Aa          , Aa^Fpa      , Aa^Fpa      , Aa^Fpa      , Aa^Fpa      , Aa^Fpa      , Aa^Fpa      , Aa^Fpa      , Aa^Fpa      , Aa          , Aa          , Aa^Fpa      , Aa^Fpa      , Aa^Fpa      , Aa^Fpa      , Aa^Fpa      , Aa^Fpa      , Aa^Fpa      , Aa          
Ha          , Aa^Fpa      , Aa^Fpa      , Aa^Vha      , Rb^Gvs      , Rb^Gvs      , Aa^Fpa      , Aa^Fpa      , Aa^Fpa      , Aa^Fpa      , Aa^Fpa      , Aa^Fpa      , Aa^Fpa      , Aa^Fpa      , Aa^Fpa      , Aa^Fpa      , Aa^Fpa      , Aa          , Aa          , Rb          , Rb          , Aa          , Aa          , Aa          , Aa^Fpa      , Aa^Fpa      , Aa^Fpa      , Aa^Fpa      , Aa^Fpa      , Aa^Fpa      , Aa^Fpa      , Aa          , Aa          , Aa          , Aa^Fpa      , Aa^Fpa      , Aa^Fpa      , Aa^Fpa      , Aa^Fpa      , Aa^Fpa      , Aa^Fpa      , Aa          
Ha          , Aa^Fpa      , Aa^Fpa      , Rb^Gvs      , Rb^Gvs      , Rb^Gvs      , Aa^Fpa      , Aa^Fpa      , Aa^Fpa      , Aa^Fpa      , Aa^Fpa      , Aa^Fpa      , Aa^Fpa      , Aa^Fpa      , Aa^Fpa      , Aa^Fpa      , Aa          , Aa          , Aa          , Rb          , Rb          , Aa          , Aa          , Aa          , Aa^Fpa      , Aa^Fpa      , Aa^Fpa      , Aa^Fpa      , Aa^Fpa      , Aa^Fpa      , Aa^Fpa      , Aa          , Aa^Fpa      , Aa^Fpa      , Aa          , Aa^Fpa      , Aa^Fpa      , Aa^Fpa      , Aa          , Aa^Vha      , Aa^Fpa      , Aa          
Aa          , Aa^Fpa      , Aa^Fpa      , Rb^Gvs      , Rb^Gvs      , Rb^Gvs      , Aa^Fpa      , Aa^Fpa      , Aa^Fpa      , Aa^Fpa      , Aa^Fpa      , Aa^Fpa      , Aa^Fpa      , Aa^Fpa      , Aa^Fpa      , Aa^Fpa      , Aa          , Aa          , Aa          , Rb          , Rb          , Aa          , Aa          , Aa^Fpa      , Aa^Fpa      , Aa^Fpa      , Aa^Fpa      , Aa^Fpa      , Aa^Fpa      , Aa^Fpa      , Aa^Fpa      , Aa          , Aa^Vha      , Aa^Fpa      , Aa^Fpa      , Aa^Fpa      , Aa          , Aa          , Aa^Fpa      , Aa^Fpa      , Aa^Fpa      , Aa          
Aa          , Aa^Fpa      , Aa^Fpa      , Rb^Gvs      , Rb^Gvs      , Rb^Gvs      , Aa^Fpa      , Aa^Fpa      , Aa^Fpa      , Aa^Fpa      , Aa^Fpa      , Aa^Fpa      , Aa^Fpa      , Aa^Fpa      , Aa^Fpa      , Aa          , Aa          , Aa          , Aa          , Rb          , Re          , Aa          , Aa          , Aa^Fpa      , Aa^Fpa      , Aa^Fpa      , Aa^Fpa      , Aa^Fpa      , Aa^Fpa      , Aa^Fpa      , Aa^Fpa      , Rb^Gvs      , Rb^Gvs      , Rb^Gvs      , Aa^Fpa      , Aa^Fpa      , Aa^Fpa      , Aa^Fpa      , Aa^Fpa      , Aa^Fpa      , Aa^Fpa      , Aa          
Aa          , Aa^Fpa      , Aa^Fpa      , Rb^Gvs      , Rb^Gvs      , Aa^Fpa      , Aa^Fpa      , Aa          , Aa          , Aa^Fpa      , Aa^Fpa      , Aa^Fpa      , Aa^Fpa      , Aa^Fpa      , Aa^Fpa      , Aa          , Aa          , Aa          , Rr          , Rb          , Re          , Aa          , Aa          , Aa^Fpa      , Aa^Fpa      , Aa^Fpa      , Aa^Fpa      , Aa^Fpa      , Aa^Fpa      , Aa^Fpa      , Aa^Fpa      , Rb^Gvs      , Rb^Gvs      , Rb^Gvs      , Aa^Fpa      , Aa^Fpa      , Aa^Fpa      , Aa^Fpa      , Aa^Fpa      , Aa^Fpa      , Aa^Fpa      , Aa          
Aa          , Aa^Fpa      , Aa^Fpa      , Aa^Fpa      , Aa^Fpa      , Aa^Fpa      , Aa^Fpa      , Aa^Fpa      , Aa^Fpa      , Aa^Fpa      , Aa^Fpa      , Aa^Vha      , Aa^Fpa      , Aa^Fpa      , Aa^Fpa      , Aa^Fpa      , Aa          , Rr          , Rr^Vhc      , Rr          , Rb          , Gg          , Aa          , Aa          , Aa^Fpa      , Aa^Fpa      , Aa^Fpa      , Aa^Fpa      , Aa^Fpa      , Aa^Fpa      , Aa^Fpa      , Aa^Fpa      , Aa          , Aa^Fpa      , Aa^Fpa      , Aa^Fpa      , Aa^Fpa      , Aa^Fpa      , Aa^Fpa      , Aa^Fpa      , Aa^Fpa      , Aa          
Aa          , Aa^Fpa      , Aa^Fpa      , Aa^Fpa      , Aa^Fpa      , Aa^Fpa      , Aa^Fpa      , Aa^Fpa      , Rb^Gvs      , Rb^Gvs      , Rb^Gvs      , Rb^Gvs      , Rb^Gvs      , Aa^Fpa      , Aa^Fpa      , Aa^Fpa      , Aa          , Rr          , Rr          , Rr          , Rb          , Gg          , Aa          , Aa          , Aa^Fpa      , Aa^Fpa      , Aa^Fpa      , Aa^Fpa      , Aa^Fpa      , Aa^Fpa      , Aa^Fpa      , Aa^Fpa      , Aa          , Aa          , Aa^Fpa      , Aa^Fpa      , Aa^Fpa      , Aa^Fpa      , Aa^Fpa      , Aa^Fpa      , Aa^Fpa      , Aa          
Aa          , Aa^Fpa      , Aa^Fpa      , Aa^Fpa      , Aa^Fpa      , Aa^Fpa      , Rb^Gvs      , Rb^Gvs      , Rb^Gvs      , Rb^Gvs      , Rb^Gvs      , Rb^Gvs      , Rb^Gvs      , Aa^Fpa      , Aa^Fpa      , Aa^Fpa      , Aa          , Aa          , Aa          , Re          , Rb          , Aa          , Aa          , Aa          , Aa^Fpa      , Aa^Fpa      , Aa^Fpa      , Aa^Fpa      , Aa^Fpa      , Aa^Fpa      , Aa^Fpa      , Aa^Fpa      , Aa^Fpa      , Aa^Fpa      , Aa^Fpa      , Aa^Fpa      , Rb^Gvs      , Aa^Fpa      , Rb^Gvs      , Aa^Fpa      , Aa^Fpa      , Aa          
Aa          , Aa^Fpa      , Aa^Fpa      , Aa^Fpa      , Aa^Fpa      , Aa^Vha      , Rb^Gvs      , Rb^Gvs      , Rb^Gvs      , Rb^Gvs      , Rb^Gvs      , Rb^Gvs      , Aa          , Aa^Fpa      , Aa^Fpa      , Aa^Fpa      , Cea         , Cea         , Aa          , Re          , Rb          , Re          , Aa          , Aa          , Aa^Fpa      , Aa^Fpa      , Aa^Fpa      , Aa          , Aa          , Aa^Fpa      , Aa^Fpa      , Aa^Fpa      , Rb^Gvs      , Rb^Gvs      , Rb^Gvs      , Rb^Gvs      , Rb^Gvs      , Rb^Gvs      , Aa^Vha      , Aa^Fpa      , Aa^Fpa      , Aa          
Aa          , Aa^Fpa      , Aa^Fpa      , Aa^Fpa      , Aa^Fpa      , Rb^Gvs      , Rb^Gvs      , Rb^Gvs      , Rb^Gvs      , Rb^Gvs      , Rb^Gvs      , Rb^Gvs      , Aa^Fpa      , Aa          , Cea         , Cea         , Cea         , Cea         , Aa          , Re          , Rb          , Re          , Aa          , Aa          , Aa^Fpa      , Aa          , Aa^Fpa      , Aa^Fpa      , Aa^Fpa      , Aa^Fpa      , Aa^Vha      , Rb^Gvs      , Rb^Gvs      , Rb^Gvs      , Rb^Gvs      , Rb^Gvs      , Rb^Gvs      , Rb^Gvs      , Rb^Gvs      , Rb^Gvs      , Aa^Fpa      , Aa          
Aa          , Aa^Fpa      , Aa^Fpa      , Aa^Fpa      , Aa^Fpa      , Aa^Fpa      , Aa^Fpa      , Rb^Gvs      , Rb^Gvs      , Rb^Gvs      , Aa^Fpa      , Aa^Fpa      , Aa^Fpa      , Aa^Fpa      , Aa^Fpa      , 1 Kea       , Aa          , Aa          , Aa          , Re          , Rb          , Re          , Aa          , Aa          , Aa^Fpa      , Aa^Fpa      , Aa^Fpa      , Aa^Fpa      , Aa^Fpa      , Aa^Fpa      , Aa^Fpa      , Rb^Gvs      , Rb^Gvs      , Rb^Gvs      , Rb^Gvs      , Rb^Gvs      , Rb^Gvs      , Rb^Gvs      , Rb^Gvs      , Rb^Gvs      , Aa^Fpa      , Aa          
Aa          , Aa^Fpa      , Aa^Fpa      , Aa^Fpa      , Aa^Fpa      , Aa^Fpa      , Aa^Fpa      , Aa^Fpa      , Aa^Fpa      , Aa^Fpa      , Aa^Fpa      , Aa^Fpa      , Aa^Fpa      , Aa^Fpa      , Aa^Fpa      , Aa^Fpa      , Aa          , Aa          , Aa          , Re          , Rb          , Aa          , Aa          , Aa          , Aa^Fpa      , Aa^Fpa      , Aa^Fpa      , Aa^Fpa      , Aa^Fpa      , Aa^Fpa      , Aa^Fpa      , Rb^Gvs      , Rb^Gvs      , Rb^Gvs      , Rb^Gvs      , Rb^Gvs      , Rb^Gvs      , Rb^Gvs      , Rb^Gvs      , Rb^Gvs      , Aa^Fpa      , Aa          
Aa          , Aa^Fpa      , Aa^Fpa      , Aa^Fpa      , Aa^Fpa      , Aa^Fpa      , Aa^Fpa      , Aa^Fpa      , Aa^Fpa      , Aa^Fpa      , Aa^Fpa      , Aa^Fpa      , Aa^Fpa      , Aa^Fpa      , Aa^Fpa      , Aa^Fpa      , Aa          , Aa          , Aa          , Rb          , Rb          , Aa          , Aa          , Aa          , Aa          , Aa^Fpa      , Aa^Fpa      , Aa^Fpa      , Aa^Fpa      , Aa^Fpa      , Aa^Fpa      , Rb^Gvs      , Rb^Gvs      , Rb^Gvs      , Rb^Gvs      , Rb^Gvs      , Aa^Fpa      , Rb^Gvs      , Aa^Fpa      , Aa^Fpa      , Aa^Fpa      , Aa          
Aa          , Aa          , Aa          , Aa          , Aa          , Aa          , Aa          , Aa          , Aa          , Aa          , Aa          , Aa          , Aa          , Aa          , Aa          , Aa          , Aa          , Aa          , Aa          , Rb          , Re          , Re          , Aa          , Aa          , Aa          , Aa          , Aa          , Aa          , Aa          , Aa          , Aa          , Aa          , Aa          , Aa          , Aa          , Aa          , Aa          , Aa          , Aa          , Aa          , Aa          , Aa          
