border_size=1
usage=map

Ai          , Ai          , Ai          , Ai          , Ai          , Ai          , Ai          , Aa          , Aa          , Aa          , Aa          , Aa          , Aa          , Aa          , Aa          , Ha          , Ms          , Ms          , Ms          , Ms          , Ms          , Ms          , Ms^Xm       , Ms          , Ms^Xm       , Ms          , Ms          , Ms          , Ms          , Ha          , Aa          , Aa          , Aa          , Aa          , Rb          , Rb          , Rb          , Aa          , Aa          , Aa          , Aa          , Aa          , Ha          , Ms          , Ms          , Ms^Xm       
Ai          , Ai          , Ai          , Ai          , Ai          , Ai          , Ai          , Ai          , Aa^Fpa      , Aa          , Ai          , Aa          , Aa          , Aa          , Aa          , Ha          , Ms          , Ms          , Ms          , Ms          , Ms          , Ms          , Ms          , Ms^Xm       , Ms^Xm       , Ms          , Ms^Xm       , Ms          , Ms          , Ha          , Aa          , Aa          , Aa          , Aa          , Rb          , Rb          , Re          , Rb          , Aa          , Aa^Voa      , Aa          , Ha          , Ha          , Ms          , Ms^Xm       , Ms^Xm       
Aa          , Ai          , Aa          , Ai          , Ai          , Ai          , Ai          , Ai          , Ai          , Ai          , Ai          , Ai          , Ai          , Aa          , Aa          , Aa          , Ha          , Ms          , Ha^Vhha     , Ms          , Aa          , Aa          , Ms          , Ms          , Ms^Xm       , Ms^Xm       , Ms          , Ms          , Ha          , Ha          , Aa          , Aa          , Rb          , Rb          , Rb          , Re          , Re          , Rb          , Aa          , Aa          , Aa          , Aa          , Ha          , Ms          , Ms          , Ms          
Aa          , Aa          , Aa          , Aa          , Aa          , Ai          , Ai          , Ai          , Ai          , Ai          , Ai          , Ai          , Ai          , Aa          , Aa          , Aa          , Aa          , Ha          , Aa          , Aa          , Aa          , Aa          , Ms          , Ms^Xm       , Ms^Xm       , Ms          , Ms          , Ms          , Ha          , Ha          , Aa          , Re          , Re          , Rb          , Rb          , Rb          , Aa          , Aa          , Aa^Fpa      , Aa          , Ha          , Ha          , Ms          , Ms          , Ms          , Ms          
Ms          , Ms          , Ms          , Aa          , Aa^Fpa      , Aa          , Aa          , Ai          , Ai          , Ai          , Ai          , Ai          , Ai          , Aa          , Aa          , Aa          , Aa          , Aa          , Aa          , Aa          , Ms          , Ms          , Ms          , Ms^Xm       , Ms          , Ms          , Ms          , Ms          , Ha          , Aa          , Aa          , Re          , Re          , Re          , Rb          , Aa^Fpa      , Aa^Fpa      , Aa^Fpa      , Ha          , Ha          , Ms          , Ms          , Ms          , Ms          , Ms          , Ms          
Ms^Xm       , Ms          , Ms          , Aa          , Aa          , Aa          , Aa          , Ai          , Ai          , Ai          , Ai          , Ai          , Ai          , Ai          , Aa          , Aa          , Aa          , Aa          , Ha          , Ha          , Ms          , Ms          , Ms          , Ms^Xm       , Ms^Xm       , Ms          , Ha          , Ha          , Ha^Fma      , Aa          , Aa          , Re          , Ce          , Rb          , Rb          , Aa^Fpa      , Aa^Fpa      , Aa^Fpa      , Ha          , Ms          , Ms          , Ms          , Ms          , Ms          , Ms^Xm       , Ms^Xm       
Ms^Xm       , Ms^Xm       , Ms          , Aa          , Aa          , Aa          , Aa          , Aa          , Aa^Fpa      , Ai          , Ai          , Ai          , Ai          , Ai          , Aa          , Aa          , Aa          , Aa          , Ha          , Ha          , Ha          , Ms          , Ms^Xm       , Ms^Xm       , Ms          , Ha          , Ha          , Ha^Fma      , Aa^Fma      , Aa^Fpa      , Aa          , Re          , 2 Ke        , Ce          , Ce          , Aa          , Aa          , Aa          , Ha          , Ms          , Ms          , Ms          , Ms^Xm       , Ms^Xm       , Ms^Xm       , Ms^Xm       
Ms^Xm       , Ms^Xm       , Ha          , Ha          , Ha          , Aa          , Aa          , Aa          , Aa          , Aa          , Ai          , Ai          , Ai          , Ai          , Ai          , Aa          , Aa          , Aa          , Aa          , Ha          , Ha          , Ms          , Ms          , Ms^Xm       , Ms          , Ms          , Ha          , Aa          , Aa          , Aa^Fpa      , Aa          , Ce          , Ce          , Ce          , Re          , Aa          , Aa          , Aa          , Ms          , Ms          , Ms          , Ms          , Ms          , Ms^Xm       , Ms^Xm       , Ms^Xm       
Ha          , Ha          , Ha          , Ha          , Aa          , Aa          , Aa          , Aa          , Aa          , Aa          , Aa          , Ai          , Ai          , Ai          , Ai          , Ai          , Ai          , Aa          , Aa          , Aa          , Ha          , Ms          , Ms          , Ms          , Ms          , Ms          , Ha          , Aa          , Aa          , Aa          , Re          , Rb          , Rb          , Rb          , Aa^Vca      , Aa          , Aa          , Aa          , Ms          , Ms          , Ms          , Ms          , Ms          , Ms          , Ms          , Ms^Xm       
Ha          , Ha          , Aa          , Aa          , Aa          , Aa          , Aa          , Aa          , Ms          , Ms          , Ms          , Ai          , Ai          , Ai          , Ai          , Ai          , Ai          , Aa          , Aa          , Aa          , Aa          , Ha          , Ha          , Ha          , Ha          , Ha^Vca      , Aa          , Aa          , Aa          , Aa          , Re          , Rb          , Re          , Re          , Aa          , Aa          , Ha          , Ms          , Ms          , Ms          , Ms          , Ms          , Ms          , Ms^Xm       , Ms^Xm       , Ms          
Ha          , Aa          , Aa          , Aa          , Rb          , Aa          , Aa          , Ms          , Ms^Xm       , Ms^Xm       , Ms^Xm       , Ms          , Ha          , Aa          , Ai          , Ai          , Ai          , Ai          , Ai          , Ai          , Ai          , Aa          , Aa          , Aa          , Aa          , Aa          , Aa          , Aa          , Aa          , Aa^Fpa      , Rb          , Rb          , Re          , Re          , Aa          , Aa          , Ha          , Ms          , Ms          , Ms          , Ms          , Ms          , Aa^Vca      , Ms          , Ms          , Ms^Xm       
Ms^Xm       , Ha          , Ha          , Aa          , Rb          , Rb          , Aa          , Ms          , Ms^Xm       , Ms^Xm       , Ms^Xm       , Ms          , Ha          , Aa          , Aa          , Ai          , Ai          , Ai          , Ai          , Ai          , Ai          , Ai          , Ai          , Ai          , Ai          , Aa          , Aa          , Aa          , Aa          , Aa^Fpa      , Rb          , Rb          , Rb          , Re          , Aa          , Aa          , Aa          , Ha          , Ha          , Ms          , Aa          , Aa          , Aa          , Aa^Fpa      , Ms          , Ms          
Ms^Xm       , Ms^Xm       , Ha          , Aa          , Aa          , Aa          , Ha          , Ms          , Ms          , Ms^Xm       , Ms          , Ms          , Ha          , Ha          , Aa          , Aa          , Aa          , Ai          , Ai          , Ai          , Ai          , Ai          , Ai          , Ai          , Ai          , Ai          , Ai          , Aa          , Aa          , Aa          , Aa          , Rb          , Rb          , Rb          , Rb          , Aa          , Aa          , Aa          , Aa          , Ha          , Aa          , Aa          , Aa          , Aa^Fpa      , Ha          , Ms          
Ms^Xm       , Ms^Xm       , Ha          , Aa          , Aa          , Aa          , Ha          , Ms          , Ms          , Ms          , Ha          , Ha          , Aa          , Aa          , Aa          , Aa^Fpa      , Aa^Fpa      , Aa          , Aa          , Aa^Fpa      , Aa          , Ai          , Ai          , Ai          , Ai          , Ai          , Ai          , Ai          , Ai          , Aa          , Aa          , Re          , Re          , Re          , Rb          , Ha          , Ha          , Aa          , Ha          , Aa          , Aa          , Aa          , Aa          , Aa          , Ha          , Ha          
Ha          , Ha          , Aa          , Aa          , Rb          , Aa          , Ha          , Ms          , Ms          , Ms          , Ha          , Ha          , Aa          , Aa          , Aa          , Aa^Fpa      , Aa          , Aa          , Aa          , Aa          , Aa          , Aa          , Ai          , Aa          , Aa^Fpa      , Ai          , Ai          , Ai          , Ai          , Ai          , Aa^Fpa      , Aa          , Aa          , Re          , Re          , Hhd         , Ha          , Ha          , Ms          , Ha          , Aa          , Aa          , Aa          , Ha          , Ms          , Ms          
Ha^Fpa      , Ha^Fpa      , Aa          , Rb          , Aa          , Aa          , Aa          , Ha          , Ha          , Ha          , Ms          , Ha          , Ha          , Aa          , Aa          , Aa          , Aa          , Aa          , Ha          , Aa          , Aa          , Aa          , Aa          , Ai          , Ai          , Ai          , Aa          , Ai          , Ai          , Ai          , Ai          , Aa          , Aa          , Rb          , Re          , Re          , Aa          , Ha          , Ha^Fma      , Ha          , Aa          , Aa          , Aa          , Ha          , Ms          , Ms          
Ha^Fpa      , Ha^Fpa      , Aa          , Rb          , Rb          , Aa          , Aa          , Aa          , Ha^Fpa      , Ha^Fpa      , Ha          , Ha          , Aa          , Aa          , Aa          , Aa          , Aa          , Ha          , Ha          , Ha          , Ha          , Aa          , Aa          , Aa          , Aa          , Ai          , Ai          , Ai          , Ai          , Ww          , Ai          , Ai          , Rb          , Rb          , Rb          , Re          , Aa          , Aa          , Aa          , Aa^Fma      , Aa^Fpa      , Aa          , Ha          , Ha          , Ha          , Ms          
Aa          , Aa          , Aa          , Aa          , Aa          , Aa          , Aa          , Aa          , Aa^Fpa      , Ha^Fpa      , Ms          , Ha          , Aa          , Aa          , Aa          , Aa          , Ha          , Ha          , Ha          , Aa          , Aa          , Aa          , Aa          , Ha          , Aa          , Aa          , Aa          , Aa^Fpa      , Aa          , Ai          , Ww^Bw/      , Ai^Bw/      , Rb          , Rb          , Re          , Re          , Aa          , Aa          , Aa          , Aa          , Aa^Vca      , Aa          , Aa          , Ha          , Aa          , Ha          
Aa          , Aa          , Aa          , Rb          , Aa          , Aa          , Aa^Fpa      , Aa          , Aa          , Aa          , Ms          , Aa          , Aa          , Aa          , Aa          , Aa          , Ha          , Ha^Vca      , Re          , Aa^Fpa      , Aa          , Ha          , Ha          , Ha          , Aa          , Aa          , Aa          , Aa          , Re          , Ai^Bw/      , Ww^Bw/      , Ai^Bw/      , Ai          , Cea         , Aa          , Aa          , Aa          , Aa          , Aa          , Aa          , Aa^Fpa      , Aa^Fpa      , Aa          , Aa          , Ha          , Ha          
Ha^Fpa      , Aa^Fpa      , Aa          , Rb          , Aa          , Aa^Fpa      , Aa^Fpa      , Aa^Fpa      , Aa^Fpa      , Ms          , Ms^Xm       , Ms          , Aa          , Aa          , Aa          , Aa          , Aa          , Ha          , Ha          , Re          , Ha          , Ha          , Aa          , Aa          , Aa          , Aa          , Re          , Rb          , Rb          , Ww^Bw/      , Ai          , Ww          , Ai          , Ai          , Aa^Fpa      , Aa          , Aa          , Aa          , Aa          , Aa          , Aa          , Aa          , Aa          , Aa          , Ha          , Ha          
Ha^Fpa      , Ha^Fpa      , Aa^Fpa      , Rb          , Aa          , Aa^Fpa      , Aa^Fpa      , Aa^Fpa      , Aa^Fpa      , Ms          , Ha          , Ms          , Aa          , Aa          , Aa          , Aa          , Aa          , Aa          , Aa          , Re          , Re          , Aa          , Aa          , Aa          , Rb          , Rb          , Re          , Rb          , Cha         , Ai          , Ai          , Ai          , Ww          , Ai          , Ai          , Aa          , Ai          , Aa          , Aa          , Aa          , Aa          , Aa          , Ha          , Ha          , Ms          , Ms          
Ha^Fpa      , Aa^Fpa      , Aa          , Rb          , Aa          , Aa^Fpa      , Aa^Fpa      , Aa^Fpa      , Aa^Fpa      , Ha^Fpa      , Ms          , Ha          , Aa          , Aa          , Aa^Fpa      , Aa^Fpa      , Aa^Fpa      , Aa          , Aa          , Aa          , Aa          , Re          , Rb          , Rb          , Rb          , Re          , Aa          , Aa          , Aa          , Aa          , Aa          , Ai          , Ai          , Ww          , Ai          , Ai          , Ww          , Ai          , Ai          , Aa          , Aa          , Aa          , Aa          , Ha          , Ha          , Ms          
Aa          , Aa          , Aa          , Rb          , Rb          , Aa          , Aa          , Aa^Fpa      , Aa^Fpa      , Ha^Fpa      , Aa          , Ha          , Ha          , Aa          , Aa          , Aa^Fpa      , Aa^Fpa      , Aa          , Aa          , Aa          , Aa^Vha      , Aa          , Rb          , Rb          , Re          , Aa          , Aa^Fpa      , Aa^Fpa      , Aa^Fpa      , Aa^Fpa      , Aa          , Ai          , Ai          , Ai          , Ai          , Ww          , Ww          , Ai          , Ai          , Aa          , Ai          , Aa          , Aa          , Aa          , Aa          , Ha          
Aa^Fpa      , Aa          , Gs          , Gs          , Gs          , Aa          , Aa          , Aa^Fpa      , Gll^Fp      , Aa^Fpa      , Aa^Fpa      , Ms          , Ha          , Aa          , Aa          , Aa          , Aa          , Aa          , Aa          , Aa          , Aa          , Aa          , Rb          , Rb          , Aa          , Aa^Fpa      , Aa^Fpa      , Aa^Fpa      , Aa^Fma      , Aa^Fpa      , Aa^Fpa      , Aa          , Aa          , Aa^Vha      , Aa          , Ai          , Ai          , Ww          , Ai          , Ww          , Ai          , Ai          , Ai          , Aa          , Aa          , Aa          
Gll^Fp      , Aa^Fpa      , Gs          , Gs          , Gs          , Gs          , Gd          , Gd          , Gd^Fmw      , Aa^Fpa      , Aa^Fpa      , Ms          , Ha          , Ha          , Aa          , Aa          , Aa          , Aa          , Aa^Fpa      , Aa          , Aa^Fpa      , Aa          , Gg          , Rb          , Aa          , Aa          , Aa^Fpa      , Aa^Fpa      , Aa^Fpa      , Aa^Fpa      , Aa          , Aa          , Aa          , Aa          , Aa          , Aa          , Aa          , Ai          , Ai          , Ai          , Ww          , Ww          , Ww          , Ai          , Aa          , Aa          
Gll^Fp      , Gll^Fp      , Gll^Fp      , Gs          , Gd          , Gs          , Gll^Fp      , Gll^Fp      , Gll^Fp      , Gll^Fp      , Gd^Fmw      , Ha          , Ms          , Aa          , Aa          , Aa          , Gg          , Aa^Fpa      , Gll^Fp      , Aa^Fpa      , Gll^Fp      , Gg          , Chr         , Gg          , Gg          , Gll^Fp      , Gll^Fp      , Gll^Fp      , Gll^Fp      , Gll^Fp      , Gll^Fp      , Aa          , Aa^Fpa      , Aa          , Aa^Fpa      , Aa          , Aa          , Aa          , Aa          , Ai          , Ai          , Ai          , Ai          , Ai          , Aa          , Aa          
Gll^Fp      , Gll^Fp      , Gll^Fp      , Gs          , Gll         , Gs          , Gs          , Gll^Fp      , Gll^Fp      , Gll^Fp      , Aa          , Aa          , Ha          , Ha          , Aa          , Gg          , Gg          , Gll^Fp      , Gll^Fp      , Gll^Fp      , Gll^Fp      , Chr         , 1 Kh        , Ch          , Gg          , Gll^Fp      , Gll^Fp      , Gll^Fp      , Gll^Fp      , Gll^Fp      , Gll^Fp      , Aa^Fpa      , Aa^Fma      , Aa^Fpa      , Aa^Fpa      , Aa          , Aa          , Aa          , Aa          , Ai          , Ww          , Ww          , Ww          , Ai          , Ww          , Aa          
Gll^Fp      , Gll^Fp      , Gll^Fp      , Gs          , Gs          , Gs          , Gs          , Gll^Fp      , Gg          , Aa          , Ha          , Ha          , Hhd         , Aa          , Gg          , Gg          , Gg^Eff      , Gg^Eff      , Gg          , Gg          , Gg          , Chr         , Ch          , Chr         , Gg          , Gg          , Gg          , Gll^Fp      , Gll^Fp      , Gll^Fp      , Gll^Fp      , Gll^Fp      , Gll^Fp      , Gll^Fp      , Gg          , Gg          , Gg          , Aa          , Aa          , Aa          , Ww          , Ai          , Ai          , Ww          , Ai          , Ww          
Gll^Fp      , Gd^Fmw      , Gll^Fp      , Gg          , Gg          , Gg          , Gll         , Gg          , Gg          , Aa          , Hhd         , Hhd         , Hh^Vhh      , Gg          , Gg^Eff      , Gg^Eff      , Gs          , Gg          , Re^Gvs      , Gg          , Gs^Vh       , Gg          , Re          , Re          , Re          , Ch          , Gg          , Gg          , Gg          , Gg          , Re^Gvs      , Gg          , Re^Gvs      , Gg          , Gg          , Gs^Vh       , Gg          , Aa          , Gg          , Aa          , Gg          , Ww          , Ww          , Ww          , Ww          , Ww          
Gll^Fp      , Gll^Fp      , Gll^Fp      , Gg          , Gg          , Gg          , Gg          , Gg          , Gg          , Gg          , Mm          , Mm          , Hhd         , Hhd         , Gll^Fp      , Gs          , Re^Gvs      , Re^Gvs      , Re^Gvs      , Re^Gvs      , Re^Gvs      , Gg          , Re          , Re          , Re          , Gs^Vh       , Gg          , Re^Gvs      , Re^Gvs      , Re^Gvs      , Rb^Gvs      , Re^Gvs      , Re^Gvs      , Re^Gvs      , Re^Gvs      , Re^Gvs      , Gg^Eff      , Gg          , Ww          , Gg          , Ww          , Ww          , Gg          , Ww          , Gd^Fmw      , Ww          
Gd^Fmw      , Gll^Fp      , Gll^Fp      , Gll^Fp      , Gll^Efm     , Gll^Efm     , Gll^Efm     , Gg          , Gg          , Mm          , Mm          , Mm          , Gg          , Hh^Fp       , Gg          , Re^Gvs      , Re^Gvs      , Re^Gvs      , Re^Gvs      , Re^Gvs      , Re^Gvs      , Re^Gvs      , Re^Gvs      , Re          , Re          , Re          , Re          , Re^Gvs      , Rb^Gvs      , Rb^Gvs      , Rb^Gvs      , Rb^Gvs      , Re^Gvs      , Re^Gvs      , Gg^Eff      , Gg^Eff      , Ss          , Ww          , Ss          , Ww          , Ss          , Gg          , Gll^Fp      , Gd^Fmw      , Gll^Fp      , Gd^Fmw      
Gll^Fp      , Gll^Fp      , Gll^Fp      , Gll^Fp      , Gll^Efm     , Gd^Fdf      , Gll^Efm     , Gll^Fp      , Gg          , Hh          , Hh          , Mm          , Hh          , Gg          , Re^Gvs      , Re^Gvs      , Re^Vht      , Rb^Gvs      , Rb^Gvs      , Rb^Gvs      , Re^Gvs      , Re^Gvs      , Re^Gvs      , Rb^Gvs      , Rb^Gvs      , Rb          , Re          , Re          , Rb          , Rb^Gvs      , Re^Gvs      , Re^Gvs      , Gg^Eff      , Gg^Eff      , Gg          , Ss          , Ss          , Ss          , Ss          , Ss          , Gg          , Gg          , Gll^Fp      , Gll^Fp      , Gll^Fp      , Gll^Fp      
Gg          , Gg          , Gg          , Gll^Fp      , Gll^Fp      , Gd^Efm      , Gll^Fp      , Gll^Fp      , Gg          , Gg          , Hh          , Hh          , Hh          , Gg          , Re^Gvs      , Rb^Gvs      , Rb^Gvs      , Rb^Gvs      , Re^Gvs      , Rb^Gvs      , Gs          , Re^Gvs      , Gg          , Re^Gvs      , Re^Gvs      , Re^Gvs      , Re^Gvs      , Re          , Re          , Re          , Re          , Gs^Eff      , Gg          , Gg          , Ss          , Ss          , Gg          , Ss          , Gg          , Gg          , Gg          , Gll^Fp      , Gll^Fp      , Gll^Fp      , Gd^Fmw      , Gg          
Gg          , Gg          , Gg          , Gg          , Gg          , Gll^Fp      , Gg          , Gg          , Gg          , Gg          , Gll^Fp      , Hh^Fp       , Gll^Fp      , Gg          , Re^Gvs      , Re^Gvs      , Re^Gvs      , Re^Gvs      , Gg          , Gg          , Gg          , Gg^Eff      , Gg^Eff      , Gg          , Gs          , Re^Gvs      , Gs          , Gg          , Gg^Eff      , Re          , Re          , Re          , Re          , Gg          , Gg          , Gg          , Gg          , Gg          , Gg          , Gg          , Gg          , Gd^Fmw      , Gll^Fp      , Gll^Fp      , Gll^Fp      , Gd^Fmw      
Gg          , Gg          , Gg          , Gg          , Gg          , Gg          , Gg          , Gg          , Gg          , Gg          , Gg          , Gll^Fp      , Gll^Fp      , Gg^Eff      , Gg^Eff      , Re^Gvs      , Gg          , Gg          , Gll^Fp      , Gll^Fp      , Gll^Fp      , Gll^Fp      , Gll^Fp      , Gll^Fp      , Gll^Fp      , Gs          , Gs^Eff      , Gg^Eff      , Gll^Fp      , Gg          , Gg          , Re          , Re          , Gg          , Gg          , Gg          , Gll^Fp      , Gg          , Gll^Fp      , Gg          , Gll^Fp      , Gg          , Gg          , Gll^Fp      , Gg          , Gg          
Gg          , Gg          , Gll^Fp      , Gll^Fp      , Cv          , Gll^Fp      , Gll^Fp      , Gs          , Gs          , Gg          , Hh          , Hh^Fp       , Hh^Fp       , Gg          , Gg          , Gg^Eff      , Gll^Fp      , Gll^Fp      , Cv          , Gll^Fp      , Gll^Fp      , Gll^Fp      , Gll^Fp      , Gll^Fp      , Gll^Fp      , Gll^Fp      , Gll^Fp      , Gll^Fp      , Cv          , Gll^Fp      , Gg          , Re          , Re          , Re          , Gg          , Gll^Fp      , Gll^Fp      , Gll^Fp      , Cv          , Gll^Fp      , Gll^Fp      , Gll^Fp      , Gll^Fp      , Gg          , Gg          , Gg          
Gll^Fp      , Gll^Fp      , Gll^Fp      , Gll^Fp      , Gll^Fp      , Gll^Fp      , Gll^Fp      , Gs          , Gs          , Gg          , Hh          , Hh^Fp       , Hh^Fp       , Hh          , Gg          , Gg          , Gll^Fp      , Gll^Fp      , Gll^Fp      , Gll^Fp      , Gll^Fp      , Gll^Fp      , Gll^Fp      , Gll^Fp      , Gll^Fp      , Gll^Fp      , Gll^Fp      , Gll^Fp      , Gll^Fp      , Gll^Fp      , Gg          , Gg          , Re          , Re          , Gg          , Gll^Fp      , Gll^Fp      , Gd^Fmw      , Gll^Fp      , Gll^Fp      , Gll^Fp      , Gll^Fp      , Gll^Fp      , Gll^Fp      , Gd^Fmw      , Gg          
Gll^Fp      , Gll^Fp      , Gll^Fp      , Gd^Fmw      , Gll^Fp      , Gll^Fp      , Gs          , Gs          , Gs          , Gg          , Gg          , Hh^Fp       , Gll^Fp      , Gll^Fp      , Gg          , Gg          , Gg          , Gll^Fp      , Gll^Fp      , Gll^Fp      , Gll^Fp      , Gll^Fp      , Gll^Fp      , Gll^Fp      , Gll^Fp      , Gll^Fp      , Gll^Fp      , Gll^Fp      , Gg          , Gg          , Re          , Re          , Re          , Re          , Gg          , Gg          , Gg          , Gll^Fp      , Gg^Ve       , Gll^Fp      , Gll^Fp      , Gll^Fp      , Gll^Fp      , Gd^Fmw      , Gll^Fp      , Gll^Fp      
Gll^Fp      , Gll^Fp      , Gll^Fp      , Gll^Fp      , Gll^Fp      , Gll^Fp      , Gg          , Gs          , Gg          , Gg          , Gg          , Gll^Fp      , Gll^Fp      , Gll^Fp      , Gll^Fp      , Gg          , Gg          , Gg          , Gg          , Gll^Fp      , Gll^Fp      , Gll^Fp      , Gll^Fp      , Gll^Fp      , Gg          , Gg^Ve       , Gg          , Gg          , Re          , Re          , Re          , Re          , Gg          , Gg          , Gg          , Gg          , Gg          , Gg          , Gg          , Gg          , Gd^Fmw      , Gll^Fp      , Gll^Fp      , Gd^Fmw      , Gd^Fmw      , Gd^Fmw      
Gll^Fp      , Gll^Fp      , Gll^Fp      , Gll^Fp      , Gll^Fp      , Gll^Fp      , Gs          , Gg          , Gg          , Gg          , Gg          , Gg          , Gg          , Gll^Fp      , Gll^Fp      , Gg          , Gg          , Gg          , Gg          , Gg          , Gg          , Gll^Fp      , Gg          , Gg          , Gg          , Gg          , Re          , Re          , Re          , Re          , Gs          , Gs          , Gs          , Gg          , Gg          , Gg          , Gg          , Gg          , Gg          , Gg          , Gll^Fp      , Gd^Fmw      , Gll^Fp      , Gll^Fp      , Gll^Fp      , Gd^Fmw      
Gll^Fp      , Gll^Fp      , Gll^Fp      , Gll^Fp      , Gg          , Gs          , Gs          , Gs          , Gll^Fp      , Gll^Fp      , Gll^Fp      , Gll^Fp      , Gll^Fp      , Gg          , Gg          , Gll^Fp      , Gg          , Gg          , Gg          , Gg          , Gg          , Gg          , Gg          , Gg          , Gs          , Gs          , Re          , Re          , Gs          , Gs          , Gs          , Gs          , Gs          , Gg          , Gll^Fp      , Gg          , Gg          , Gg          , Gg          , Gg          , Gg          , Gll^Fp      , Gll^Fp      , Gll^Fp      , Gll^Fp      , Gll^Fp      
Gll^Fp      , Gll^Fp      , Gll^Fp      , Gg          , Gg          , Gg          , Gg          , Gll^Fp      , Gll^Fp      , Gll^Fp      , Gll^Fp      , Gll^Fp      , Gll^Fp      , Gll^Fp      , Gll^Fp      , Gg          , Gg          , Gg          , Gg          , Gg          , Gg          , Gg          , Gg          , Gg          , Gg          , Gs          , Re          , Re          , Gs          , Gs          , Gs          , Gs          , Gll^Fp      , Gll^Fp      , Gll^Fp      , Gll^Fp      , Gll^Fp      , Gg          , Gg          , Gll^Fp      , Gll^Fp      , Gg          , Gg          , Gll^Fp      , Gg          , Gg          
Gll^Fp      , Gll^Fp      , Gll^Fp      , Gg          , Gg          , Gg          , Gg          , Gll^Fp      , Gll^Fp      , Gll^Fp      , Gll^Fp      , Gll^Fp      , Gll^Fp      , Gll^Fp      , Gll^Fp      , Gll^Fp      , Gg          , Gg          , Gg          , Gg          , Gll^Fp      , Gg          , Gll^Fp      , Gll^Fp      , Gg          , Gg          , Re          , Re          , Gg          , Gs          , Gg          , Gll^Fp      , Gll^Fp      , Gll^Fp      , Gll^Fp      , Gll^Fp      , Gll^Fp      , Gg          , Gg          , Gd^Fmw      , Gll^Fp      , Gll^Fp      , Gg^Ve       , Gg          , Gg          , Gg          
Gll^Fp      , Gll^Fp      , Gll^Fp      , Gg          , Gg          , Gg          , Gg          , Gg          , Gg          , Gg^Ve       , Gll^Fp      , Gll^Fp      , Gll^Fp      , Gll^Fp      , Gll^Fp      , Gll^Fp      , Gg^Ve       , Gg          , Gg          , Gll^Fp      , Gll^Fp      , Gll^Fp      , Gll^Fp      , Gll^Fp      , Gg          , Re          , Cv          , Re          , Gg          , Gg          , Gg^Ve       , Gll^Fp      , Gll^Fp      , Gll^Fp      , Gll^Fp      , Gll^Fp      , Gll^Fp      , Gll^Fp      , Gg          , Gll^Fp      , Gll^Fp      , Gll^Fp      , Gg          , Gg          , Gll^Fp      , Gll^Fp      
Gll^Fp      , Gll^Fp      , Gd^Fmw      , Gll^Fp      , Gd^Fmw      , Gg          , Gs          , Gs          , Gs          , Gg          , Gg          , Gll^Fp      , Gll^Fp      , Gll^Fp      , Gll^Fp      , Gll^Fp      , Gll^Fp      , Gg          , Gg          , Gll^Fp      , Gd^Fmw      , Gd^Fmw      , Gg          , Gg          , Gg          , Re          , 3 Kv        , Re          , Gg          , Gg          , Gg          , Gll^Fp      , Gll^Fp      , Gll^Fp      , Gll^Fp      , Gll^Fp      , Gll^Fp      , Gll^Fp      , Gg          , Gg          , Gg          , Gg          , Gll^Fp      , Gg          , Gll^Fp      , Gll^Fp      
Gll^Fp      , Gll^Fp      , Gd^Fmw      , Gd^Fmw      , Gll^Fp      , Gll^Fp      , Gll^Fp      , Gs          , Gs          , Gg          , Gg          , Gg          , Gg          , Gd^Fmw      , Gll^Fp      , Gll^Fp      , Gll^Fp      , Gg          , Gll^Fp      , Gll^Fp      , Gll^Fp      , Gll^Fp      , Gg          , Gg          , Gg          , Cv          , Re          , Cv          , Gg          , Gg          , Gg          , Gg          , Gg          , Gll^Fp      , Gll^Fp      , Gll^Fp      , Gd^Fmw      , Gg          , Gg          , Gg          , Gll^Fp      , Gll^Fp      , Gll^Fp      , Gll^Fp      , Gll^Fp      , Gll^Fp      
Gd^Fmw      , Gd^Fmw      , Gll^Fp      , Gll^Fp      , Gll^Fp      , Gll^Fp      , Gll^Fp      , Gll^Fp      , Gg          , Gs          , Gg          , Gg          , Gg          , Gll^Fp      , Gll^Fp      , Gll^Fp      , Gg          , Gg          , Gll^Fp      , Gd^Fmw      , Gd^Fmw      , Gd^Fmw      , Gd^Fmw      , Gg          , Gg          , Re          , Re          , Gg          , Gg          , Gg          , Gg          , Gg          , Gg          , Gd^Fmw      , Gd^Fmw      , Gd^Fmw      , Gll^Fp      , Gg          , Gg          , Gll^Fp      , Gll^Fp      , Gll^Fp      , Gd^Fmw      , Gd^Fmw      , Gd^Fmw      , Gll^Fp      
