border_size=1
usage=map

Xu, Xu, Xu, Xu, Qlf, Qlf, Qlf, Qlf, Qlf, Qlf, Uu, Uu, Uu, Uu, Uu, Uu, Uu, Uu, Uu, Qlf, Qlf, Qlf, Qlf, Qlf, Qlf, Qlf, Qlf, Qlf, Qlf, Qlf, Qlf, Qlf, Qlf, Qlf, Qlf, Qlf, Qlf, Qlf, Qlf, Qlf, Qlf, Qlf
Xu, Xu, Xu, Xu, Qlf, Qlf, Qlf, Qlf, Qlf, Qlf, Ql, Uu, Uu, Uu, Uu, Uu, Uu, Uu, Ql, Ql, Ql, Ql, Ql, Ql, Ql, Ql, Ql, Qlf, Ql, Ql, Ql, Ql, Ql, Ql, Ql, Qlf, Ql, Qlf, Qlf, Qlf, Qlf, Qlf
Xu, Xu, Xu, Xu, Qlf, Qlf, Qlf, Qlf, Ql, Ql, Ql, Ql, Ql, Uu, Uu, Uu, Uu, Uu, Ql, Ql, Ql, Ql, Ql, Ql, Ql, Ql, Ql, Ql, Ql, Ql, Ql, Ql, Ql, Ql, Ql, Ql, Ql, Ql, Ql, Qlf, Qlf, Qlf
Xu, Xu, Xu, Xu, Qlf, Qlf, Ql, Ql, Ql, Ql, Ql, Ql, Ql, Uu, Uu, Uu, Qxu, Qxu, Qxu, Qxu, Qxu, Qxu, Qxu, Qxu, Qxu, Qxu, Qxu, Qxu, Qxu, Qxu, Qxu, Qxu, Qxu, Ql, Ql, Ql, Ql, Ql, Ql, Qlf, Qlf, Qlf
Xu, Xu, Xu, Xu, Ql, Ql, Ql, Ql, Qxu, Ql, Ql, Ql, Qxu, Uu, Qxu, Qxu, Qxu, Qxu, Qxu, Qxu, Qxu, Qxu, Qxu, Qxu, Qxu, Qxu, Qxu, Qxu, Qxu, Qxu, Qxu, Qxu, Qxu, Qxu, Qxu, Ql, Ql, Ql, Ql, Qlf, Qlf, Qlf
Xu, Xu, Xu, Xu, Ql, Ql, Ql, Qxu, Qxu, Qxu, Qxu, Qxu, Qxu, Qxu, Qxu, Qxu, Qxu, Qxu, Qxu, Qxu, Qxu, Qxu, Qxu, Qxu, Uu, Qxu, Qxu, Qxu, Qxu, Qxu, Qxu, Qxu, Qxu, Qxu, Qxu, Qxu, Qxu, Ql, Ql, Ql, Qlf, Qlf
Xu, Xu, Xu, Xu, Ql, Ql, Qxu, Qxu, Qxu, Qxu, Qxu, Qxu, Qxu, Qxu, Uu, Qxu, Uu, Uu, Uu, Uu, Uu, Uu, Uu, Uu, Uu, Uu, Uu, Uu, Uu, Uu, Uu, Uu, Uu, Qxu, Qxu, Qxu, Qxu, Ql, Ql, Ql, Qlf, Qlf
Xu, Xu, Xu, Xu, Ql, Qxu, Qxu, Qxu, Qxu, Qxu, Uu, Uu, Uu, Uu, Uu, Uu, Urb, Uu, Urb, Urb, Urb, Urb, Urb, Urb, Urb, Urb, Urb, Urb, Urb, Urb, Urb, Uu, Uu, Uu, Qxu, Qxu, Qxu, Qxu, Ql, Ql, Qlf, Qlf
Xu, Xu, Xu, Xu, Ql, Qxu, Qxu, Qxu, Uu, Uu, Uu, Uu, Urb, Uu, Urb, Urb, Uu, Urb, Uu, Uu, Qxu, Qxu, Qxu, Qxu, Qxu, Qxu, Xu, Xu, Xu, Urb, Urb, Uu, Uu, Uu, Uu, Qxu, Qxu, Qxu, Ql, Ql, Qlf, Qlf
Xu, Xu, Xu, Xu, Ql, Qxu, Qxu, Qxu, Uu, Uu, Urb, Urb, Xu, Urb, Xu, Xu, Xu, Xu, Xu, Xu, Xu, Xu, Xu, Xu, Xu, Xu, Xu, Xu, Xu, Uh, Uh, Urb, Urb, Uu, Xu, Qxu, Qxu, Qxu, Ql, Ql, Qlf, Qlf
Xu, Xu, Xu, Xu, Xu, Qxu, Qxu, Qxu, Uu, Uu, Urb, Urb, Xu, Xu, Xu, Xu, Xu, Xu, Xu, Xu, Xu, Xu, Iwr, Iwr, Iwr, Xu, Xu, Xu, Xu, Xu, Xu, Uu, Urb, Uu, Xu, Xu, Qxu, Qxu, Ql, Ql, Qlf, Qlf
Xu, Xu, Xu, Xu, Xu, Qxu, Qxu, Qxu, Uu, Uu, Urb, Xu, Xu, Xu, Xu, Xu, Xu, Xu, Xu, Xu, Xu, Iwr, Iwr, Iwr, Iwr, Iwr, Xu, Xu, Xu, Xu, Xu, Uu, Urb, Xu, Xu, Xu, Qxu, Qxu, Ql, Ql, Qlf, Qlf
Xu, Xu, Xu, Xu, Xu, Qxu, Qxu, Qxu, Uu, Urb, Xu, Xu, Xu, Xu, Uu, Uu^Vud, Uu, Uu^Vud, Xu, Xu, Xu, Cud, Cud, Cud, Cud, Cud, Xu, Xu, Xu, Xu, Uu, Urb, Urb, Uu, Uh, Xu, Qxu, Qxu, Ql, Ql, Qlf, Qlf
Xu, Xu, Xu, Xu, Xu, Xu, Qxu, Qxu, Uu, Urb, Xu, Xu, Xu, Uu^Vud, Uu, Uu, Uu, Uu, Uu, Xu, Xu, Xu, Uh, Urb, Uh, Xu, Xu, Xu, Xu, Uh, Uu, Urb, Uu, Uu, Uh, Qxu, Qxu, Qxu, Ql, Ql, Qlf, Qlf
Xu, Xu, Xu, Xu, Xu, Xu, Qxu, Qxu, Uu, Urb, Xu, Xu, Xu, Uu, Uu, Urb, Urb, Uu, Uu, Xu, Uh, Uh, Urb, Urb, Uh, Xu, Xu, Xu, Uh, Uh, Urb, Urb, Uu, Uu, Uu, Qxu, Qxu, Qxu, Ql, Ql, Qlf, Qlf
Xu, Xu, Xu, Xu, Xu, Xu, Qxu, Qxu, Uu, Urb, Xu, Xu, Xu, Uu, Uu, Urb, Urb, Uu^Vud, Uu, Uu, Urb, Urb, Urb, Uu, Uu, Xu, Xu, Uh, Uu, Uu, Urb, Uu, Uu, Uu, Uu, Qxu, Qxu, Qxu, Ql, Ql, Qlf, Qlf
Xu, Xu, Xu, Xu, Xu, Xu, Qxu, Qxu, Uu, Urb, Xu, Xu, Xu, Uu, Uu, Urb, Urb, Urb, Urb, Urb, Urb, Urb, Uh, Uh, Xu, Xu, Xu, Xu, Uu, Urb, Uu, Uu, Uh, Uh, Uu, Qxu, Qxu, Qxu, Ql, Ql, Qlf, Qlf
Xu, Xu, Xu, Xu, Xu, Xu, Qxu, Qxu, Uu, Urb, Xu, Xu, Xu, Uu, Uu, Urb, Uh, Urb, Uh, Uh, Uh, Uh, Xu, Xu, Xu, Xu, Xu, Uu^Vud, Uh, Urb, Uu, Uh, Uh, Uu, Qxu, Qxu, Qxu, Qxu, Ql, Ql, Qlf, Qlf
Uh, Xu, Xu, Xu, Xu, Qxu, Qxu, Qxu, Urb, Urb, Xu, Xu, Xu, Uh, Uu, Urb, Uh, Uh, Xu, Xu, Xu, Xu, Xu, Xu, Qxu, Qxu, Uh, Uh, Urb, Urb, Uu, Uh, Uu, Uu, Qxu, Qxu, Qxu, Ql, Ql, Ql, Qlf, Qlf
Ww, Uh, Uh, Xu, Xu, Qxu, Qxu, Qxu, Urb, Uu, Uu, Xu, Xu, Uh, Uh, Urb, Uu, Xu, Xu, Xu, Xu, Xu, Xu, Xu, Qxu, Qxu, Uu, Uu, Uu, Urb, Uu, Uu, Qxu, Qxu, Qxu, Qxu, Ql, Ql, Qlf, Qlf, Qlf, Qlf
Wwf, Uh, Ww, Uh, Uh, Qxu, Qxu, Qxu, Urb, Uu, Uu, Xu, Xu, Xu, Uh, Urb, Uu, Uu, Uu, Xu, Xu, Uh, Uh, Qxu, Uu, Uu, Uu, Uu, Urb, Urb, Uu, Uu, Qxu, Qxu, Qxu, Ql, Ql, Ql, Qlf, Qlf, Qlf, Qlf
Wwf, Wwf, Wwf, Ww, Wwf, Qxu, Qxu, Qxu, Urb, Uu, Uu, Xu, Xu, Uh, Uh, Urb, Uu, Uu, Uu, Xu, Xu, Xu, Qxu, Qxu, Qxu, Qxu, Qxu, Uu, Uu, Urb, Uu, Uu, Qxu, Qxu, Qxu, Ql, Ql, Ql, Qlf, Qlf, Xu, Xu
Uh, Wwf, Ww, Wwf, Wwf, Qxu, Qxu, Qxu, Uu, Urb, Uu, Uu, Uh, Uh, 3 Kay, Cay, Qxu, Uu, Uu, Xu, Xu, Xu, Qxu, Qxu, Qxu, Qxu, Qxu, Uu, Uu, Urb, Uu, Uu, Qxu, Qxu, Qxu, Ql, Qlf, Qlf, Xu, Xu, Xu, Xu
Xu, Uh, Uh, Ww, Uh, Qxu, Qxu, Qxu, Uu, Urb, Urb, Uu, Urb, Cay, Cay, Cay, Qxu, Qxu, Uu, Uu, Xu, Xu, Xu, Qxu, Qxu, Qxu, Xu, Uu, Cay, Urb, Uu, Uu, Qxu, Qxu, Qxu, Ql, Ql, Ql, Ql, Xu, Xu, Xu
Qlf, Xu, Qlf, Uh, Ql, Qxu, Qxu, Qxu, Uu, Uu, Uu, Urb, Urb, Urb, Xu, Qxu, Xu, Qxu, Uu, Uu, Xu, Xu, Xu, Xu, Qxu, Xu, Uu^Vu, Xu, Urb, Urb, Xu, Xu, Qxu, Qxu, Qxu, Ql, Ql, Ql, Ql, Xu, Xu, Xu
Qlf, Qlf, Qlf, Ql, Ql, Qxu, Qxu, Qxu, Uu, Uu, Uu, Urb, Urb, Uu, Uu, Xu, Xu, Xu, Uu, Uu, Uh, Xu, Xu, Xu, Xu, Qxu, Uu, Uu, Urb, Uu, Uu, Xu, Qxu, Qxu, Qxu, Ql, Ql, Ql, Xu, Xu, Xu, Xu
Qlf, Qlf, Qlf, Ql, Ql, Qxu, Qxu, Qxu, Qxu, Uu, Uu, Uu, Uu, Urb, Urb, Uu, Uu, Uu, Uu, Uu, Uu, Uh, Uh, Xu, Xu, Qxu, Urb, Uu, Urb, Uu, Uu, Uu, Qxu, Qxu, Qxu, Ql, Xu, Xu, Xu, Xu, Xu, Xu
Qlf, Qlf, Qlf, Ql, Ql, Qxu, Qxu, Qxu, Qxu, Qxu, Qxu, Uu, Uu, Uu, Uu, Urb, Cay, Rr, Rr, Uu, Uu, Uh, Uh, Xu, Xu, Qxu, Urb, Urb, Urb, Urb, Uu, Uu, Qxu, Qxu, Ql, Ql, Xu, Xu, Xu, Xu, Xu, Xu
Qlf, Qlf, Qlf, Ql, Ql, Ql, Ql, Qxu, Qxu, Qxu, Qxu, Qxu, Qxu, Uu, Uu, Cay, Kay, Cay, Uu, Rr, Uu, Uh, Xu, Xu, Xu, Xu, Urb, Urb, Urb, Urb, Uu, Qxu, Qxu, Qxu, Ql, Ql, Xu, Xu, Xu, Xu, Xu, Xu
Qlf, Qlf, Qlf, Ql, Ql, Ql, Ql, Ql, Ql, Qxu, Qxu, Qxu, Qxu, Qxu, Qxu, Uu, Uu, Cay, Uu, Rr, Uu, Xu, Xu, Xu, Uu, Uu, Urb, Urb, Urb, Uu, Uu, Qxu, Qxu, Qxu, Ql, Xu, Xu, Xu, Xu, Xu, Xu, Xu
Qlf, Qlf, Qlf, Ql, Ql, Ql, Ql, Ql, Ql, Ql, Ql, Qxu, Qxu, Qxu, Qxu, Qxu, Qxu, Uu, Uu^Vud, Rr, Uu^Vud, Xu, Xu, Xu, Cay, Uu, Urb, Urb, Urb, Uu, Cay, Qxu, Qxu, Qxu, Xu, Xu, Xu, Xu, Xu, Xu, Xu, Xu
Qlf, Qlf, Qlf, Qlf, Qlf, Qlf, Qlf, Ql, Ql, Ql, Ql, Ql, Ql, Qxu, Qxu, Qxu, Qxu, Uu, Uu^Vud, Rr, Uu^Vud, Uu^Vud, Xu, Xu, Xu, Cay, Uu, Urb, Uu, Cay, Cay, Qxu, Qxu, Qxu, Xu, Xu, Xu, Xu, Xu, Xu, Xu, Xu
Qlf, Qlf, Qlf, Qlf, Qlf, Qlf, Qlf, Qlf, Qlf, Qlf, Qlf, Ql, Ql, Ql, Xu, Qxu, Xu, Uu, Uu^Vud, Rr, Uh, Xu, Xu, Xu, Xu, Cay, Uu, Urb, Uu, Cay, Xu, Cay, Xu, Xu, Xu, Xu, Xu, Xu, Xu, Xu, Xu, Xu
Qlf, Qlf, Qlf, Qlf, Qlf, Qlf, Xu, Qlf, Xu, Qlf, Xu, Qlf, Xu, Xu, Xu, Xu, Xu, Xu, Xu, Uh, Uh, Xu, Xu, Xu, Uu, Uu, Urb, Urb, Xu, Xu, Xu, Xu, Xu, Xu, Xu, Xu, Xu, Xu, Xu, Xu, Xu, Xu
Xu, Qlf, Xu, Xu, Xu, Xu, Xu, Xu, Xu, Xu, Xu, Xu, Xu, Xu, Xu, Xu, Xu, Xu, Xu, Uh, Uh, Uh, Uu^Vud, Uu, Uu, Uu, Urb, Uu, Xu, Xu, Xu, Xu, Xu, Xu, Xu, Xu, Xu, Xu, Xu, Xu, Xu, Xu
Xu, Xu, Xu, Xu, Xu, Xu, Xu, Xu, Xu, Xu, Xu, Xu, Xu, Xu, Uh, Xu, Xu, Xu, Xu, Xu, Uh, Uh, Uu, Uu, Urb, Urb, Uu, Uu, Xu, Xu, Xu, Xu, Xu, Xu, Uu, Xu, Cay, Xu, Xu, Xu, Xu, Xu
Xu, Xu, Xu, Xu, Uh, Xu, Uu, Uu^Vud, Uu, Cay, Uu, Uu, Uu, Uh, Uh, Uh, Uh, Xu, Xu, Xu, Uu, Uu, Urb, Urb, Uu, Uu, Xu, Xu, Xu, Xu, Xu, Uh, Uu, Uu, Urb, Urb, Urb, Urb, Urb, Xu, Xu, Xu
Xu, Xu, Uh, Uh, Urb, Uu, Urb, Uu, Urb, Uu, Uu, Uu, Uu, Uu, Uu, Uh, Uh, Xu, Xu, Xu, Uu, Urb, Uu, Uu, Uu, Uu, Xu, Xu, Xu, Xu, Uh, Uu, Urb, Urb, Uu, Uu^Vud, Uu, Urb, Urb, Xu, Xu, Xu
Xu, Uh, Uu, Uu, Urb, Urb, Uu, Urb, Uu, Urb, Urb, Urb, Urb, Urb, Urb, Uu, Uu, Uh, Uu, Cay, Urb, Urb, Uu, Uu, Xu, Xu, Xu, Xu, Uh, Uh, Urb, Urb, Uu, Uu, Cay, Uu, Uu, Uu, Urb, Xu, Xu, Xu
Xu, Uu, Urb, Urb, Uu, Uu, Uu, Uu, Uu, Cay, Uu, Uu, Uu, Uu, Uu, Urb, Urb, Uu, Urb, Urb, Cay, Uu, Uu, Uu, Xu, Xu, Xu, Xu, Uh, Urb, Urb, Uu, Xu, Xu, Xu, Uu, Uu, Uu, Urb, Xu, Xu, Xu
Xu, Xu, Urb, Uu, Uh, Uu, Xu, Xu, Xu, Xu, Xu, Uu, Xu, Uu, Uu, Uu, Uu, Urb, Urb, Uu, Uu, Uu, Xu, Xu, Xu, Xu, Uh, Uh, Uu, Urb, Uu, Uu, Xu, Xu, Xu, Uu, Uu, Uu^Uf, Urb, Xu, Xu, Xu
Xu, Urb, Uu, Uh, Uh, Xu, Xu, Xu, Xu, Xu, Xu, Xu, Xu, Xu, Uu, Uu, Uu, Urb, Uu, Uu, Cay, Xu, Xu, Xu, Xu, Xu, Uh, Uh, Urb, Urb, Uu, Uu, Xu, Xu, Xu, Uu, Uu, Uu^Uf, Urb, Xu, Xu, Xu
Xu, Urb, Uu, Uh, Uh, Xu, Xu, Xu, Xu, Xu, Xu, Xu, Xu, Xu, Uu^Dr, Uu, Uu^Dr, Urb^Es, Uu, Uu, Xu, Xu, Xu, Xu, Uu, Uu, Uu, Uu, Urb, Uu, Uu, Xu, Xu, Xu, Xu, Uh, Uu, Urb, Uu, Xu, Xu, Xu
Xu, Urb, Uu, Uh, Xu, Xu, Xu, Xu, Xu, Xu, Xu, Xu, Xu, Xu, Uu^Es, Uu^Es, Uu^Dr, Uu, Xu, Xu, Xu, Xu, Xu, Xu, Uu, Uu, Urb, Urb, Uu, Uu, Uu^Vud, Xu, Xu, Xu, Uh, Uh, Uu, Urb, Uu, Xu, Xu, Xu
Xu, Urb, Uu, Uu, Xu, Xu, Xu, Xu, Xu, Xu, Xu, Xu, Xu, Xu, Xuc, Uh^Es, Xu, Xu, Xu, Xu, Xu, Xu, Uu, Uu, Urb, Urb, Uu, Uu, Xu, Xu, Xu, Xu, Xu, Xu, Uh, Uu, Urb, Urb, Uu, Xu, Xu, Xu
Xu, Urb, Urb, Uu, Uu, Xu, Xu, Xu, Xu, Xu, Xu, Xu, Xu, Xu, Xuc, Uh^Es, Xuc, Xu, Xu, Xu, Uu, Uu, Urb, Urb, Uu, Uu, Xu, Xu, Xu, Xu, Xu, Xu, Xu, Xu, Uh, Uu, Urb, Uu, Uu, Xu, Xu, Xu
Xu, Uu, Urb, Uu, Uu, Uu, Uu, Uu, Uu, Uh, Uh, Uh, Uh, Uh, Uu^Es, Uu^Dr, Urb^Es, Cay, Urb, Uu, Urb, Urb, Uu, Uu, Xu, Xu, Xu, Xu, Xu, Xu, Xu, Xu, Uh, Uh, Uu, Urb, Uu, Uu, Xu, Xu, Xu, Xu
Xu, Xu, Xu, Urb, Urb, Urb, Urb, Uu, Urb, Uu, Uu, Uu, Urb, Urb, Urb, Urb^Es, Uu^Dr, Urb, Urb, Urb, Uu, Urb, Uu, Uu, Cay, Cay, Cay, Xu, Uu^Vu, Xu, Uh, Uh, Uu, Uu, Urb, Urb, Xu, Xu, Xu, Xu, Xu, Xu
Xu, Xu, Xu, Uu^Vud, Xu, Uu, Uu, Urb, Uu, Urb, Urb, Urb, Uu, Uu, Uu^Dr, Uu, Uu, Cay, Uu, Uu, Uu, Uu, Xu, Uu, Cay, 2 Kay, Cay, Xu, Uu, Uu, Uu, Uu, Urb, Urb, Uu^Uf, Uu^Uf, Xu, Xu, Xu, Xu, Xu, Xu
Xu, Xu, Xu, Xu, Xu, Xu, Xu, Uh, Uh, Uu, Uu^Vud, Uu, Uh, Uh, Uu, Uu, Uu, Uu, Uu, Uu, Uu^Uf, Xu, Xu, Xu, Xu, Cay, Uu, Uu, Urb, Urb, Urb, Urb, Uu^Uf, Uu, Xu, Xu, Xu, Xu, Xu, Xu, Xu, Xu
Xu, Xu, Xu, Xu, Xu, Xu, Xu, Xu, Xu, Uh, Xu, Uh, Xu, Xu, Xu, Xu, Xu, Cay, Uu, Uu, Xu, Xu, Xu, Xu, Uu, Uu, Urb, Urb, Uu, Urb, Uu, Uu, Uh, Xu, Xu, Xu, Xu, Xu, Xu, Xu, Xu, Xu
Xu, Xu, Xu, Xu, Xu, Xu, Xu, Xu, Xu, Xu, Xu, Xu, Xu, Xu, Xu, Xu, Xu, Xu, Xu, Xu, Xu, Xu, Xu, Xu, Xu, Uu, Urb, Uu, Cay, Uu, Uu, Uu, Uh, Xu, Xu, Xu, Xu, Xu, Xu, Xu, Xu, Xu
Xu, Xu, Xu, Xu, Xu, Xu, Xu, Xu, Xu, Xu, Xu, Xu, Xu, Xu, Xu, Xu, Xu, Xu, Xu, Xu, Xu, Xu, Xu, Xu, Xu, Uu, Urb, Cay, Cay, Cay, Uu, Uh, Uh, Xu, Xu, Xu, Xu, Xu, Xu, Xu, Xu, Xu
Xu, Xu, Xu, Xu, Xu, Xu, Xu, Xu, Xu, Xu, Uh, Xu, Uh, Uh, Uh, Uh, Uu, Xu, Xu, Xu, Uu^Uf, Xu, Xu, Xu, Uu, Uu, Urb, Cay, Cay, Cay, Uu, Uu, Uh, Uh, Xu, Xu, Xu, Xu, Xu, Xu, Xu, Xu
Qxu, Xu, Xu, Xu, Xu, Xu, Xu, Xu, Xu, Uh, Uu, Uh, Uh, Uh, Uu, Uu, Uu, Uu, Cay, Uu, Uu, Xu, Xu, Uu, Uu, Uu, Urb, Uu, Uu, Uu, Uh, Uh, Xu, Xu, Xu, Xu, Xu, Xu, Xu, Xu, Xu, Xu
Qxu, Xu, Xu, Xu, Xu, Xu, Xu, Xu, Uu, Uu, Uu, Uu, Uu, Uu, Urb, Uu, Uu, Uu, Cay, Uu, Uu, Uu, Urb, Uu, Urb, Urb, Urb, Uu, Uu, Uh, Xu, Xu, Xu, Xu, Xu, Xu, Uu, Uu, Uu^Vu, Xu, Xu, Xu
Qxu, Qxu, Qxu, Xu, Xu, Xu, Uu^Vu, Uu, Uu, Uu, Urb, Urb, Urb, Urb, Urb, Urb, Uu, Uu, Cay, Uu, Uu, Urb, Uu^Vud, Urb, Uu, Uu, Urb, Uu, Uu, Xu, Xu, Xu, Xu, Xu, Uu, Uu, Urb, Urb, Uu, Xu, Xu, Xu
Xu, Qxu, Qxu, Qxu, Qxu, Xu, Uu, Uu, Uu, Uu, Urb, Uu, Uu, Uu, Urb, Urb, Urb, Uu, Cay, Uu, Urb, Urb, Uh, Uh, Xu, Uu, Urb, Uu, Uu, Xu, Xu, Xu, Xu, Xu, Urb, Urb, Urb, Urb, Uu, Xu, Xu, Xu
Xu, Xu, Qxu, Qxu, Qxu, Uu, Uu, Uu, Urb, Urb, Uu, Uu, Uu^Uf, Uu, Uu, Urb, Urb, Uu, Cay, Uu, Urb, Uu, Uu, Uh, Xu, Uu, Uu, Urb, Uu, Xu, Xu, Xu, Urb, Urb, Urb, Urb, Urb, Urb, Uu, Xu, Xu, Xu
Xu, Xu, Xu, Qxu, Uu, Uu, Uu, Uu, Urb, Uu, Uu, Uu^Uf, Uh, Uu^Uf, Uu, Uu, Uu, Urb, Urb, Urb, Uu, Uu, Uu, Xu, Xu, Uu, Uu, Urb, Urb, Uu, Cay, Urb, Uu, Uu, Uu, Urb, Urb, Urb, Uu, Xu, Xu, Xu
Xu, Xu, Uu, Uu, Uu, Uu, Urb, Urb, Uu, Uu, Ds, Ds, Ds, Uh, Uh, Uu, Uu, Uu, Cay, Urb, Urb, Urb, Urb, Xu, Uu, Uu, Uu, Urb, Urb, Urb, Xu, Xu, Xu, Uu, Xu, Uu, Uu, Urb, Uu, Xu, Xu, Xu
Xu, Xu, Cay, Uu, Urb, Urb, Urb, Urb, Uu, Uu, Ds, Ds, Ds, Uh, Uh, Uh, Uu, Uu, Cay, Uu, Uu, Urb, Uu, Urb, Urb, Urb, Urb, Urb, Urb, Uu, Xu, Xu, Xu, Xu, Xu, Xu, Xu, Uu, Uu, Xu, Xu, Xu
Xu, Xu, Uu, Cay, Cay, Urb, Urb, Urb, Uu, Uu, Uu, Ds, Uu, Uu^Vu, Uu, Uu, Uu, Uu, Cay, Uu, Uu, Uu, Uu, Uu, Uu, Uu, Urb, Urb, Urb, Urb, Cay, Xu, Xu, Xu, Xu, Xu, Xu, Xu, Xu, Xu, Xu, Xu
Xu, Xu, Uu^Uf, Uu, Uu, Cay, Urb, Urb, Urb, Uu, Uu, Uu, Uu, Uu, Uu, Uu, Xu, Xu, Xu, Uu, Uu, Uu, Uu, Uu, Uu, Uu, Uu, Uu, Xu, Cay, Uu, Urb, Urb, Xu, Uu, Xu, Xu, Xu, Xu, Xu, Xu, Xu
Xu, Xu, Uu^Uf, Uu^Uf, Uu, Uu, Uu, Urb, Urb, Cay, Cay, Cay, Cay, Uu, Uu, Uu, Xu, Xu, Xu, Xu, Xu, Uu, Uu^Uf, Uu, Xu, Uu^Vu, Xu, Xu, Xu, Xu, Xu, Uu, Urb, Urb, Urb, Uu, Uu, Xu, Xu, Xu, Xu, Xu
Xu, Xu, Xu, Uu^Uf, Uu^Uf, Uu, Uu, Urb, Urb, Uu, Uu, Cay, Uu, Cay, Cay, Uu, Xu, Xu, Xu, Xu, Xu, Xu, Xu, Xu, Xu, Xu, Xu, Xu, Xu, Xu, Xu, Uu, Urb, Urb, Urb, Urb, Urb, Uu, Xu, Xu, Xu, Xu
Xu, Xu, Xu, Uu^Uf, Uu^Uf, Uu, Uu, Urb, Urb, Uu, Uu, Uu, Uu, Uu, Uu, Xu, Xu, Xu, Xu, Xu, Xu, Xu, Xu, Xu, Xu, Xu, Xu, Xu, Xu, Xu, Uu, Uu, Urb, Urb, Urb, Urb, Urb, Uu, Xu, Xu, Xu, Xu
Xu, Xu, Xu, Uu^Uf, Uh, Uu, Uu, Urb, Urb, Uu, Uu, Uu, Uu, Uu, Uu, Xu, Xu, Xu, Xu, Xu, Xu, Xu, Xu, Xu, Xu, Xu, Xu, Xu, Xu, Uu, Uu, Uu, Urb, Urb, Urb, Urb, Urb, Uu, Xu, Xu, Xu, Xu
Xu, Xu, Xu, Xu, Uh, Uu, Uu, Urb, Urb, Urb, Uu, Uu, Uh, Uu, Xu, Xu, Xu, Xu, Xu, Xu, Xu, Xu, Xu, Xu, Xu, Xu, Xu, Xu, Xu, Xu, Uu, Uu, Uu, Urb, Urb, Urb, Uu, Uu, Xu, Xu, Xu, Xu
Xu, Xu, Xu, Xu, Uh, Uh, Uu, Uu, Uu, Urb, Uu, Uu, Uh, Uh, Xu, Xu, Xu, Xu, Xu, Xu, Xu, Xu, Xu, Xu, Xu, Xu, Xu, Xu, Xu, Xu, Xu, Uu, Xu, Uu, Xu, Uu, Xu, Uu^Vu, Xu, Xu, Xu, Xu
Xu, Xu, Xu, Xu, Xu, Uh, Uh, Uu, Uu, Urb, Urb, Uu, Uu, Uh, Xu, Xu, Xu, Xu, Xu, Xu, Xu, Xu, Xu, Xu, Xu, Xu, Xu, Xu, Xu, Xu, Xu, Xu, Xu, Xu, Xu, Xu, Xu, Xu, Xu, Xu, Xu, Xu
Xu, Xu, Xu, Xu, Xu, Uh, Uh, Uu, Uu, Urb, Urb, Uu, Xu, Xu, Xu, Xu, Xu, Xu, Xu, Xu, Xu, Xu, Xu, Xu, Xu, Xu, Xu, Xu, Xu, Xu, Xu, Xu, Xu, Xu, Xu, Xu, Xu, Xu, Xu, Xu, Xu, Xu
Xu, Xu, Xu, Xu, Xu, Xu, Xu, Xu, Uu, Urb, Urb, Uu, Uu, Xu, Uu, Uu, Uu, Uu^Vu, Xu, Xu, Xu, Xu, Xu, Xu, Xu, Xu, Uu, Xu, Xu, Xu, Xu, Xu, Xu, Xu, Xu, Xu, Xu, Xu, Xu, Xu, Xu, Xu
Xu, Xu, Xu, Xu, Xu, Xu, Qxu, Qxu, Uu, Urb, Urb, Uu, Uu, Cay, Uu, Uu, Uu, Uu^Vu, Xu, Xu, Xu, Xu, Xu, Xu, Uu, Uh, Uh, Uh, Uu, Uu, Uu^Uf, Xu, Xu, Xu, Xu, Xu, Xu, Xu, Xu, Xu, Xu, Xu
Xu, Xu, Xu, Xu, Xu, Xu, Uh, Qxu, Uu, Uu, Urb, Uu, Urb, Urb, Urb, Urb, Uu, Uu^Vu, Xu, Xu, Xu, Xu, Xu, Xu, Uu, Uu, Uu, Uu, Uu, Uu, Uu, Uu^Uf, Uu^Uf, Xu, Xu, Xu, Xu, Xu, Xu, Xu, Xu, Xu
Xu, Xu, Xu, Xu, Xu, Uh, Uh, Uh, Uu, Uu, Urb, Urb, Uu, Uu, Uu, Uu, Uu, Uu, Xu, Xu, Xu, Xu, Uu, Uu, Uu, Uu, Uu, Ce, Ce, Ce, Uu, Uu, Uu^Uf, Uu^Uf, Uu^Uf, Xu, Xu, Xu, Xu, Xu, Xu, Xu
Xu, Xu, Xu, Xu, Xu, Uh, Uh, Uu, Uu, Urb, Uu, Uu, Uu, Cay, Xu, Uu, Xu, Xu, Xu, Xu, Xu, Xu, Uu, Uu, Uu, Uu, Uu, Ce, Ce, Ce, Uu, Uu, Uu^Uf, Uu^Uf, Uu, Uu^Uf, Xu, Xu, Xu, Xu, Xu, Xu
Xu, Xu, Xu, Xu, Xu, Uh, Uu, Uu, Uu, Urb, Uu, Uu, Uu, Uu, Uu, Xu, Xu, Xu, Xu, Xu, Uu^Uf, Uu, Uu, Uu, Uu, Uu, Uu, Uu, Ce, Uu, Uu, Uu, Uu, Uu, Uu, Uu, Uu, Xu, Re, Re, Re, Xu
Xu, Xu, Xu, Xu, Xu, Uu^Vu, Uu, Uu, Uu, Urb, Uu, Uu, Uu, Uu, Xu, Xu, Xu, Xu, Uu^Uf, Uu^Uf, Uu^Uf, Uu^Uf, Uu, Uu, Uu, Uu, Re, Re, Re, Re, Re, Re, Re, Re, Re, Re, Re, Re, Re, Re, Re, Re
Xu, Xu, Xu, Xu, Xu, Xu, Cay, Cay, Cay, Urb, Cay, Cay, Cay, Xu, Xu, Xu, Xu, Uu, Uu, Uu^Uf, Uu, Uu, Uu, Uu, Re, Re, Re, Re, Re, Re, Re, Re, Uu, Re, Uu, Re, Uu, Re, Uu, Re, Re, Re
Xu, Xu, Xu, Xu, Xu, Xu, Uu, Uu, Urb, Urb, Uu, Uu, Xu, Xu, Xu, Xu, Uu, Uu, Uu, Uu, Uu, Uu, Uu, Uu, Re, Re, Re, Re, Uh, Uh, Uu, Uu, Uu, Uu, Xu, Uu, Xu, Uu, Uu, Uu, Uu, Xu
Xu, Xu, Xu, Xu, Xu, Uu, Uu, Uu, Urb, Uu, Uu, Uu, Xu, Xu, Xu, Xu, Uu, Uu, Re, Re, Re, Re, Re, Re, Re, Re, Uu, Uu, Uh, Uh, Uu^Uf, Uu^Uf, Xu, Xu, Xu, Xu, Xu, Xu, Xu, Xu, Xu, Xu
Xu, Xu, Xu, Xu, Xu, Uu, Uu, Uu, Urb, Uu, Uu, Uu, Xu, Xu, Xu, Xu, Uu, Uu, Uu, Re, Re, Re, Ce, Uu, Uu, Uu, Uu, Uu, Uu, Uu^Uf, Xu, Xu, Xu, Xu, Xu, Xu, Xu, Xu, Xu, Xu, Xu, Xu
Xu, Xu, Xu, Xu, Xu, Uu, Uu, Uu, Urb, Uu, Uu, Uu, Uu^Vu, Xu, Uu, Uu, Urb, Uu, Urb, Urb, Urb, Ce, 1 Ke, Ce, Uu, Uu, Uu^Uf, Uu, Uu, Uu^Uf, Xu, Xu, Xu, Xu, Xu, Xu, Xu, Xu, Xu, Xu, Xu, Xu
Xu, Xu, Xu, Xu, Xu, Uu, Uu, Uu, Urb, Urb, Urb, Uu, Urb, Uh, Urb, Urb, Urb, Urb, Uu, Urb, Urb, Ce, Ce, Ce, Urb, Urb, Urb, Uu, Uu, Uu, Uu^Uf, Xu, Uu, Xu, Xu, Xu, Xu, Xu, Xu, Xu, Xu, Xu
Xu, Xu, Xu, Xu, Xu, Uu, Uu^Uf, Uu, Uu, Urb, Uu, Urb, Uu, Urb, Uu, Uu, Xu, Uu, Uu, Uu, Uu, Uu, Uu, Urb, Uu, Urb, Urb, Urb, Urb, Uu, Uu, Uu, Uu, Uu, Uu, Uu^Vu, Xu, Xu, Xu, Xu, Xu, Xu
Xu, Xu, Xu, Xu, Xu, Xu, Uu^Uf, Uu, Uu, Uu, Uu, Uu, Xu, Uu, Xu, Xu, Xu, Xu, Xu, Uu, Xu, Uu, Xu, Uu, Uu, Uu, Uu, Urb, Urb, Uu^Uf, Uu, Uu^Uf, Uu, Uu, Uu, Uu, Uu, Xu, Xu, Xu, Xu, Xu
Xu, Xu, Xu, Xu, Xu, Xu, Xu, Uu^Uf, Uu^Uf, Uu, Xu, Xu, Xu, Xu, Xu, Xu, Xu, Xu, Xu, Xu, Xu, Xu, Xu, Xu, Xu, Uu, Uu, Uu, Uu, Urb, Urb, Uu, Uu, Uu, Uu, Uh, Uu, Uu^Vu, Xu, Xu, Xu, Xu
Xu, Xu, Xu, Xu, Xu, Xu, Xu, Xu, Xu, Uu^Uf, Xu, Xu, Xu, Xu, Xu, Xu, Xu, Xu, Xu, Xu, Xu, Xu, Xu, Xu, Xu, Xu, Xu, Uu, Uu, Urb, Urb, Urb, Uu, Uu^Uf, Uu, Uu, Uu^Vu, Xu, Xu, Xu, Xu, Xu
Xu, Xu, Xu, Xu, Xu, Xu, Xu, Xu, Xu, Xu, Xu, Xu, Xu, Xu, Xu, Xu, Xu, Xu, Xu, Xu, Xu, Xu, Xu, Xu, Xu, Xu, Xu, Uu, Uu, Uu, Urb, Urb, Uu, Uu^Uf, Uu, Uu, Xu, Xu, Xu, Xu, Xu, Xu
Xu, Xu, Xu, Xu, Xu, Xu, Xu, Xu, Xu, Xu, Xu, Xu, Xu, Xu, Xu, Xu, Xu, Xu, Xu, Wog, Wog, Xu, Xu, Xu, Xu, Xu, Xu, Uu, Uu^Uf, Uu, Urb, Urb, Uu, Uu^Uf, Uu, Uu, Xu, Xu, Xu, Xu, Xu, Xu
Xu, Xu, Xu, Xu, Xu, Xu, Xu, Xu, Xu, Xu, Xu, Xu, Xu, Xu, Xu, Xu, Xu, Xu, Xu, Wog, Wog, Wog, Wog, Xu, Xu, Xu, Xu, Uu, Uu^Uf, Uu^Uf, Urb, Urb, Uu, Uu, Uu, Uu, Xu, Xu, Xu, Xu, Xu, Xu
Xu, Xu, Xu, Xu, Xu, Xu, Xu, Xu, Xu, Xu, Xu, Xu, Xu, Xu, Xu, Xu, Xu, Xu, Xu, Xu, Xu, Wog, Wog, Xu, Xu, Xu, Xu, Uu, Uu, Uu^Uf, Uu, Urb, Urb, Uu, Uu, Uu, Uu^Uf, Xu, Xu, Xu, Xu, Xu
Xu, Xu, Xu, Xu, Xu, Xu, Xu, Xu, Xu, Xu, Xu, Xu, Xu, Xu, Xu, Xu, Xu, Xu, Xu, Xu, Xu, Xu, Xu, Wog, Wog, Xu, Xu, Uu, Uu, Uu^Uf, Uu, Urb, Urb, Uu, Uu, Uh, Uu^Uf, Uu^Uf, Uh, Xu, Xu, Xu
Xu, Xu, Xu, Xu, Uh, Xu, Uh, Xu, Uh, Xu, Xu, Xu, Xu, Xu, Uh, Xu, Uh, Xu, Uu, Xu, Xu, Xu, Xu, Xu, Xu, Wog, Xu, Uu^Vu, Uu, Uu, Uu, Urb, Urb, Uu, Uu, Uh, Uh, Uu^Uf, Uh, Xu, Xu, Xu
Xu, Xu, Uh, Uh, Uh, Uh, Uu^Uf, Uh, Uu, Uh, Uu, Xu, Xu, Uh, Uu, Uh, Uu, Uh, Uu, Uu, Uu, Uu^Vu, Uu, Xu, Xu, Wog, Wog, Xu, Uu, Uu, Uu, Cud, Urb, Urb, Uu, Cud, Uh, Uu^Uf, Uh, Xu, Xu, Xu
Xu, Uh, Uh, Uh, Uh, Uu^Uf, Uu^Uf, Uu, Uu, Uu, Uu, Xu, Xu, Uu, Uu, Uu, Uu, Uu, Uu, Uu, Uu, Uu, Uu, Uu, Uu^Uf, Xu, Wog, Xu, Uu, Uh, Uh, Uu, Uu, Urb, Urb, Uu, Uh, Uu^Uf, Uh, Xu, Xu, Xu
Xu, Uu, Uu, Uu, Uu, Uu, Uu, Uu, Uu, Uu, Uu, Uu, Uu, Uu, Uu, Uu, Uu, Uu^Uf, Uu^Uf, Uu^Uf, Uu^Uf, Uu, Uu, Uu^Uf, Uu^Uf, Xu, Wwg, Xu, Uu, Uh, Uh, Uh, Uu, Urb, Urb, Uu, Uh, Uh, Uh, Xu, Xu, Xu
Xu, Uu, Uu, Uu, Uu^Vud, Uu, Uu, Uu, Urb, Uu, Urb, Urb, Urb, Cud, Urb, Uu, Uu, Uu, Uu, Uu, Uu, Uu, Uu, Uu^Uf, Uu^Uf, Uu^Uf, Wwg, Wwg, Uh, Uh, Uh, Uu, Urb, Urb, Urb, Uu, Uh, Uh, Uu^Uf, Xu, Xu, Xu
Xu, Uu, Uu, Uu^Vud, Urb, Uu, Urb, Urb, Xu, Urb, Uu, Urb, Uu, Urb, Urb, Urb, Urb, Urb, Urb, Uu, Urb, Uu, Uu, Uu, Uu, Uu, Wwg, Wwg, Uu, Uh, Uu, Uu, Urb, Urb, Uu, Uu, Uu, Uh, Uu^Uf, Xu, Xu, Xu
Xu, Uu, Urb, Urb, Urb, Uu, Urb, Urb, Xu, Uu, Uu^Uf, Uu, Uh, Uu, Uh, Urb, Urb, Urb, Urb, Urb, Urb, Urb, Urb, Urb, Urb, Wwg, Wwg, Wwg, Urb, Uu, Urb, Urb, Urb, Urb, Uu, Uu, Uu, Uu, Uu, Xu, Xu, Xu
Xu, Uu^Vu, Urb, Urb, Urb, Urb, Xu, Xu, Xu, Uu^Uf, Uh, Uh, Uh, Uh, Uh, Cud, Uu, Urb, Urb, Urb, Urb, Urb, Urb, Urb, Wwg, Wwg, Wwg, Wwg, Wwg, Urb, Uh, Urb, Uh, Uu, Uu, Uu, Uu, Uu, Uu^Vu, Xu, Xu, Xu
Xu, Uu^Vu, Uu, Urb, Urb, Urb, Xu, Xu, Xu, Uh, Uh, Uh, Uu^Uf, Uh, Uh, Uh, Uu, Uu, Uu, Uu, Uu, Urb, Uu, Uu, Wwg, Wwg, Wwg, Wwg, Wwg, Uh, Uh, Uh, Uu^Uf, Uu^Uf, Uu^Uf, Uh, Uh, Uu, Xu, Xu, Xu, Xu
Xu, Uu, Uu, Urb, Urb, Urb, Xu, Xu, Xu, Uu, Uh, Uu^Uf, Uu^Uf, Uh, Uh, Uu, Uu, Uu, Uu^Uf, Uu^Uf, Uu^Uf, Uu, Wwg, Wwg, Wwg, Wog, Wog, Wog, Wwg, Wwg, Uu, Uu, Uu, Uu^Uf, Uh, Uh, Xu, Xu, Xu, Xu, Xu, Xu
Xu, Uu, Uu, Uu, Urb, Urb, Urb, Urb, Urb, Uu, Uh, Uu^Uf, Uu^Uf, Uu, Uu, Uu, Xu, Uu, Uu^Uf, Uu^Uf, Uu^Uf, Uu^Uf, Wwg, Wwg, Wwg, Wog, Wog, Wog, Wwg, Wwg, Wwg, Uu, Uu, Uh, Uh, Uh, Xu, Xu, Xu, Xu, Xu, Xu
Xu, Uu, Uu, Uu, Uu, Urb, Urb, Urb, Uu, Uu, Uu, Uh, Uu, Uu^Uf, Uu, Xu, Xu, Uu, Uu, Uu, Uu, Uu^Uf, Wwg, Wwg, Wwg, Wog, Wog, Wog, Wog, Wwg, Wwg, Wwg, Wwg, Uu, Xu, Xu, Xu, Xu, Xu, Xu, Xu, Xu
Xu, Uu, Uu, Uu, Uu, Urb, Urb, Uu, Uu, Uu, Uu, Uu, Uu, Uu, Uu, Xu, Xu, Xu, Xu, Uu, Uu, Uu, Wwg, Wwg, Wwg, Wwg, Wog, Wog, Wog, Wog, Wwg, Wwg, Uu, Uu, Xu, Xu, Xu, Xu, Xu, Xu, Xu, Xu
Xu, Uu, Uu, Uu, Uu, Urb, Urb, Uu, Uu, Uu, Uu, Uu, Uu, Uu, Xu, Xu, Xu, Xu, Xu, Xu, Xu, Uu, Uu, Wwg, Wwg, Wwg, Wwg, Wog, Wog, Wwg, Wwg, Wwg, Uu^Vu, Xu, Xu, Xu, Xu, Xu, Xu, Xu, Xu, Xu
Xu, Xu, Xu, Uu, Uu, Uu, Uu, Urb, Urb, Ce, Ce, Uu, Ce, Ce, Xu, Xu, Xu, Xu, Xu, Xu, Xu, Uu, Uu, Uu, Uu, Wwg, Wwg, Wog, Wog, Wwg, Uu, Uu, Xu, Xu, Xu, Xu, Xu, Xu, Xu, Xu, Xu, Xu
Xu, Xu, Xu, Xu, Uu, Uu, Uu, Urb, Urb, Urb, Urb, Ce, Ce, Ke, Xu, Xu, Xu, Xu, Xu, Xu, Xu, Uu^Vu, Xu, Uu, Wwg, Wwg, Wog, Wog, Wog, Wwg, Xu, Xu, Xu, Xu, Xu, Xu, Xu, Xu, Xu, Xu, Xu, Xu
Xu, Xu, Xu, Xu, Xu, Xu, Xu, Uu, Uu, Urb, Urb, Urb, Uu, Uu, Uu, Xu, Xu, Xu, Xu, Xu, Xu, Xu, Xu, Xu, Xu, Xu, Xu, Xu, Xu, Xu, Xu, Xu, Xu, Xu, Xu, Xu, Xu, Xu, Xu, Xu, Xu, Xu
Xu, Xu, Xu, Xu, Xu, Xu, Xu, Uu, Uu, Uu, Uu, Urb, Urb, Uu, Uu, Uu, Uu, Uu, Uu, Xu, Xu, Xu, Xu, Xu, Xu, Xu, Xu, Xu, Xu, Xu, Xu, Xu, Xu, Xu, Xu, Xu, Xu, Xu, Xu, Xu, Xu, Xu
