border_size=1
usage=map

Ha          , Ha          , Ha          , Ha          , Ha          , Ha          , Ha          , Ha          , Ha          , Ha          , Ha          , Ha          , Ha          , Ha          , Ha          , Ha          , Aa^Fpa      , Aa^Fpa      , Aa^Fpa      , Aa^Fpa      , Aa^Fpa      , Aa^Fpa      , Aa          , Aa          , Aa          , Aa          , Aa          , Aa          , Aa          , Aa^Fpa      , Aa^Fpa      , Aa^Fpa      , Aa          , Aa          , Aa          , Aa          , Aa          , Aa          , Aa          , Aa          , Gs^Fp       , Gs^Fp       , Gs^Fp       , Aa          , Aa          , Aa          , Aa          , Ai          , Ai          , Ww          , Ww          , Ai          , Ai          , Ai          , Ai          , Aa          , Aa          , Aa          , Aa          , Aa          , Aa          , Aa          
Ha          , Ha          , Ha          , Ha          , Ha          , Ha          , Ha          , Ha          , Ha          , Ha          , Ha          , Ha          , Ha          , Ha          , Ha          , Ha          , Aa^Fpa      , Aa^Fpa      , Aa^Fpa      , Aa^Fpa      , Aa^Fpa      , Aa^Fpa      , Aa          , Aa          , Aa          , Aa          , Aa          , Aa          , Aa          , Aa^Fpa      , Aa^Fpa      , Aa          , Aa          , Aa          , Aa          , Aa          , Aa          , Aa          , Re          , Re          , Gg^Vo       , Re          , Re          , Gs^Fp       , Gs^Fp       , Aa          , Aa          , Ai          , Ai          , Ww          , Ai          , Ww          , Ww          , Ai          , Ai          , Ai          , Ai          , Aa          , Aa          , Aa          , Aa          , Aa          
Ha          , Ha          , Ha          , Ha          , Ha          , Ha          , Ha          , Ha          , Aa^Fpa      , Aa^Fpa      , Aa^Fpa      , Aa^Fpa      , Aa^Fpa      , Aa          , Aa          , Aa          , Aa          , Aa^Fpa      , Aa          , Aa^Fpa      , Aa          , Aa          , Aa          , Aa          , Aa          , Aa          , Aa          , Aa          , Aa          , Aa          , Aa^Fpa      , Aa^Fpa      , Aa^Fpa      , Aa          , Aa          , Aa          , Aa          , Gs          , Gs          , Uu          , Uh          , Uh          , Uh          , Re          , Re          , Gs^Fp       , Aa          , Aa          , Aa          , Ai          , Aa          , Ai          , Ai          , Ww          , Ww          , Wo          , Wo          , Ai          , Ai          , Aa          , Aa          , Aa          
Ha          , Ha          , Ha          , Ha          , Ha          , Ha          , Aa^Fpa      , Aa^Fpa      , Aa^Fpa      , Aa^Fpa      , Aa^Fpa      , Aa^Fpa      , Aa^Fpa      , Aa          , Aa          , Aa          , Aa          , Aa          , Aa          , Aa          , Aa          , Aa          , Aa          , Aa          , Aa          , Aa          , Aa          , Aa          , Aa          , Aa^Fpa      , Aa^Fpa      , Aa^Fpa      , Aa^Fpa      , Aa          , Aa          , Aa          , Aa          , 3 Gs        , Gs          , Uu          , Uh          , Ql          , Uh          , Uu          , Re          , Gs^Fp       , Aa          , Aa          , Aa          , Aa          , Ha          , Aa          , Aa          , Ai          , Ai          , Ww          , Ww          , Wo          , Ai          , Ai          , Aa          , Aa          
Ha          , Ha          , Ha          , Ha          , Aa^Fpa      , Aa^Fpa      , Aa^Fpa      , Aa^Fpa      , Aa^Fpa      , Aa^Fpa      , Aa          , Aa^Fpa      , Aa          , Aa          , Aa          , Aa          , Aa          , Aa          , Aa          , Aa          , Aa          , Aa          , Aa          , Aa          , Aa          , Aa          , Aa          , Aa          , Aa          , Aa          , Aa          , Aa^Fpa      , Aa^Fpa      , Aa          , Aa          , Aa          , Aa          , Gs          , Gs          , Re          , Re          , Uh          , Uu          , Uu          , Gs^Fp       , Gs^Fp       , Aa          , Aa          , Aa          , Aa          , Ha          , Ha          , Aa          , Ai          , Ai          , Ai          , Ww          , Wo          , Wo          , Ai          , Aa          , Aa          
Ha          , Ha          , Aa^Fpa      , Aa^Fpa      , Aa^Fpa      , Aa^Fpa      , Aa^Fpa      , Aa^Fpa      , Aa^Fpa      , Aa          , Aa          , Aa          , Aa          , Aa          , Aa          , Aa          , Aa          , Aa          , Aa          , Aa          , Aa          , Ha          , Aa          , Aa          , Aa          , Aa          , Aa          , Aa          , Aa          , Aa          , Aa          , Aa          , Aa          , Aa          , Ha          , Ha          , Ha          , Aa          , Aa          , Gs          , Gs          , Re          , Ss^Vhs      , Gs^Fp       , Aa          , Aa          , Aa          , Aa          , Aa          , Aa          , Aa          , Aa          , Ai          , Ai          , Ai          , Ai          , Ww          , Ww          , Ai          , Ai          , Aa          , Aa          
Aa^Fpa      , Aa^Fpa      , Aa^Fpa      , Aa^Fpa      , Aa^Fpa      , Aa^Fpa      , Aa^Fpa      , Aa^Fpa      , Aa          , Aa          , Aa          , Aa          , Aa          , Aa          , Aa          , Aa          , Aa          , Aa          , Aa          , Aa          , Aa^Fpa      , Ha          , Ha          , Aa          , Aa          , Aa          , Aa          , Aa          , Aa          , Aa          , Aa          , Aa          , Aa          , Aa          , Aa          , Ha          , Aa          , Aa          , Aa          , Aa          , Ss          , Ss          , Ss          , Ss          , Aa          , Aa          , Ai          , Ai          , Ai          , Aa          , Ai          , Ai          , Ai          , Ai          , Ww          , Ai          , Ww          , Wo          , Ai          , Ai          , Aa          , Aa          
Aa^Fpa      , Aa^Fpa      , Aa^Fpa      , Aa^Fpa      , Aa^Fpa      , Aa^Fpa      , Aa          , Aa          , Aa          , Aa          , Aa          , Aa          , Aa          , Aa          , Aa          , Aa          , Aa          , Aa          , Aa          , Ha          , Ha          , Ha          , Ha          , Aa          , Aa          , Aa          , Aa          , Aa          , Aa          , Aa          , Aa          , Aa          , Aa          , Aa          , Aa          , Aa          , Aa          , Aa          , Aa          , Aa          , Ss          , Ss          , Ai          , Ss          , Ai          , Ai          , Ai          , Ai          , Ai          , Ai          , Ai          , Ai          , Ww          , Ww          , Ww          , Ww          , Wo          , Wo          , Ai          , Aa          , Ha          , Ha          
Aa^Fpa      , Aa^Fpa      , Aa^Fpa      , Aa^Fpa      , Aa^Fpa      , Aa          , Aa          , Aa          , Aa          , Aa          , Aa          , Aa          , Aa          , Aa          , Aa          , Aa          , Aa          , Aa          , Aa          , Ha          , Ha          , Ha          , Aa          , Aa          , Aa          , Aa          , Aa          , Aa          , Aa          , Aa          , Aa          , Aa          , Aa          , Aa          , Aa          , Aa          , Aa          , Aa          , Ai          , Ai          , Ai          , Ai          , Ai          , Ai          , Ai          , Ai          , Ai          , Ai          , Ai          , Ai          , Ww          , Ww          , Ww          , Ww          , Wo          , Wo          , Ai          , Ai          , Aa          , Aa          , Ha          , Ha          
Aa^Fpa      , Aa^Fpa      , Aa^Fpa      , Aa^Fpa      , Aa          , Aa          , Aa          , Aa          , Aa          , Aa          , Aa          , Aa          , Aa          , Aa          , Aa          , Aa          , Aa          , Aa          , Aa          , Aa          , Aa          , Aa          , Aa          , Aa          , Aa          , Aa          , Aa          , Aa          , Aa          , Aa          , Aa          , Aa          , Ai          , Aa          , Aa^Fpa      , Aa^Fpa      , Aa^Fpa      , Ai          , Ai          , Ai          , Ai          , Ai          , Ww          , Ww          , Ww          , Ww          , Ww          , Ai          , Ww          , Ww          , Ww          , Ww          , Wo          , Wo          , Ai          , Ai          , Aa          , Aa          , Ha          , Ha          , Ha          , Ha          
Aa^Fpa      , Aa^Fpa      , Aa^Fpa      , Aa^Fpa      , Aa          , Aa          , Aa          , Aa          , Aa          , Aa          , Aa          , Aa          , Aa          , Aa          , Aa          , Aa          , Aa          , Aa          , Aa          , Aa          , Aa          , Aa          , Ha          , Aa          , Aa          , Aa          , Aa          , Aa          , Aa          , Aa          , Ai          , Ai          , Ww          , Aa^Fpa      , Ai          , Ai          , Ai          , Ai          , Ai          , Ai          , Ai          , Ai          , Ww          , Wo          , Wo          , Wo          , Ww          , Ww          , Ww          , Ww          , Ww          , Wo          , Ai          , Ai          , Aa          , Aa          , Aa          , Aa          , Ha          , Ha          , Ha          , Ha          
Aa^Fpa      , Aa^Fpa      , Aa^Fpa      , Aa          , Aa          , Aa          , Aa          , Aa          , Aa          , Aa          , Aa          , Aa          , Aa          , Aa          , Aa^Fpa      , Aa^Fpa      , Aa^Fpa      , Aa          , Aa          , Aa          , Aa          , Ha          , Ha          , Aa          , Aa          , Aa          , Aa          , Aa          , Ai          , Ai          , Wo          , Wo          , Ww          , Ww          , Ai          , Ai          , Ai          , Ai          , Ai          , Ai          , Ai          , Ai          , Ww          , Ww          , Ww          , Ww          , Ww          , Ww          , Ww          , Ww          , Ai          , Ai          , Ai          , Ai          , Aa          , Aa          , Aa          , Ha          , Ha          , Ha          , Ha          , Ha          
Aa^Fpa      , Aa^Fpa      , Aa          , Aa          , Aa          , Aa          , Aa          , Aa          , Aa          , Aa          , Aa          , Aa          , Aa          , Aa^Fpa      , Aa^Fpa      , Aa^Fpa      , Aa          , Aa          , Aa          , Aa          , Ha          , Ha          , Ha          , Aa          , Aa          , Aa          , Ai          , Ai          , Wo          , Wo          , Wwf         , Ww          , Ww          , Ww          , Ai          , Ai          , Ai          , Ai          , Aa          , Ai          , Ai          , Ww          , Ww          , Ww          , Ai          , Ww          , Ww          , Ww          , Ai          , Ai          , Ai          , Ai          , Ai          , Ai          , Aa          , Aa          , Aa          , Ha          , Ha          , Ha          , Ha          , Ha          
Aa^Fpa      , Aa          , Aa          , Aa          , Aa          , Aa          , Aa          , Ha          , Ha          , Aa          , Aa          , Aa          , Aa          , Aa          , Aa          , Aa^Fpa      , Aa          , Aa          , Aa          , Aa          , Aa          , Ha          , Aa          , Aa          , Ai          , Ai          , Ai          , Ww          , Ww          , Wwf         , Ww          , Wwf         , Ww          , Ai          , Rb          , Gs^Fp       , Gs^Fp       , Aa          , Ss          , Ss          , Ss          , Ai          , Ai          , Ai          , Ai          , Ai          , Ai          , Ai          , Ai          , Ai          , Ai          , Ai          , Ai          , Aa          , Aa          , Aa          , Aa          , Aa          , Aa          , Ha          , Ha          , Ha          
Aa          , Aa          , Aa          , Aa          , Aa          , Aa          , Ha          , Ha          , Ha          , Ha          , Aa          , Aa          , Aa          , Aa          , Aa          , Aa          , Aa          , Aa          , Aa          , Aa          , Aa          , Aa          , Ai          , Ai          , Ai          , Ai          , Ai          , Ai          , Ai          , Ai          , Ai          , Ww          , Rb          , Rb          , 2 Re        , Re          , Re^Vct      , Gs^Fp       , Uh          , Uh          , Uh          , Ss          , Ss          , Ai          , Ai          , Ai          , Ai          , Ai          , Ai          , Ai          , Aa          , Ai          , Aa          , Aa          , Aa          , Aa          , Aa          , Aa          , Aa          , Ha          , Ha          , Ha          
Aa          , Aa          , Aa          , Aa          , Aa          , Aa          , Ha          , Ha          , Ha          , Ha          , Aa          , Aa          , Aa          , Aa          , Aa          , Aa          , Aa          , Aa          , Aa          , Aa          , Ai          , Ai          , Ai          , Ai          , Ai          , Ai          , Ai          , Ai          , Ss          , Ss          , Ss          , Ss          , Gs^Fp       , Re          , Re          , Re          , Re          , Gs^Fp       , Uh          , Ql          , Uh          , Ss          , Ss          , Ss          , Ai          , Ai          , Ai          , Ai          , Aa          , Aa          , Aa          , Aa          , Aa          , Aa          , Aa          , Aa          , Aa          , Aa          , Aa          , Ha          , Ha          , Ha          
Aa          , Aa          , Aa          , Aa          , Aa          , Aa          , Aa          , Aa          , Aa          , Aa          , Aa          , Aa          , Aa          , Aa          , Aa          , Aa          , Aa          , Aa          , Ai          , Ai          , Ww          , Ai          , Ai          , Ai          , Ww          , Ai          , Aa          , Aa          , Gs^Fp       , Gs^Fp       , Hh          , Hh          , Hh          , Gs^Fp       , Re^Vct      , Re          , Re          , Re          , Uu          , Uh          , Gs^Fp       , Gs^Fp       , Ai          , Ai          , Ai          , Ai          , Ai          , Aa          , Aa          , Aa          , Aa          , Aa          , Aa          , Aa          , Aa          , Aa          , Aa          , Aa          , Aa          , Aa          , Ha          , Ha          
Aa          , Aa          , Aa          , Aa          , Aa          , Aa          , 1 Aa        , Aa          , Aa          , Aa          , Aa          , Aa          , Aa          , Aa          , Aa          , Aa          , Aa          , Aa          , Ai          , Ww          , Ai          , Ai          , Ww          , Ww          , Aa          , Aa          , Aa          , Gs^Fp       , Hh          , Hh          , Uh          , Uh          , Uh          , Hh          , Gs^Fp       , Re          , Rb          , Rb          , Rb          , Gs^Fp       , Rb          , Gs^Fp       , Ai          , Ai          , Ai          , Ai          , Aa          , Aa          , Aa          , Aa          , Aa          , Aa          , Aa          , Aa          , Aa          , Aa          , Aa          , Aa          , Aa          , Aa          , Ha          , Ha          
Aa          , Aa          , Aa          , Aa          , Aa          , Aa          , Aa          , Aa          , Aa          , Aa          , Aa          , Aa          , Aa          , Aa          , Aa          , Aa          , Aa          , Aa          , Ai          , Ww          , Ww          , Ai          , Ww          , Aa          , Aa          , Aa          , Gs          , Gs^Fp       , Hh          , Uh          , Ql          , Ql          , Uh          , Hh          , Gs^Fp       , Gs          , Aa          , Aa          , Ai          , Rb          , Ai          , Ai          , Ai          , Ai          , Aa          , Aa          , Aa          , Aa          , Aa          , Aa          , Ha          , Aa          , Aa          , Aa          , Aa          , Aa          , Aa          , Aa          , Aa          , Aa          , Ha          , Ha          
Aa          , Aa          , Aa          , Aa          , Aa          , Aa          , Aa          , Aa          , Aa^Fpa      , Aa^Fpa      , Aa^Fpa      , Aa          , Aa          , Aa          , Aa          , Aa          , Ai          , Ai          , Ai          , Ai          , Ww          , Ai          , Ww          , Ai          , Aa          , Aa          , Gs          , Re^Vct      , Hh          , Uh          , Uh          , Uh          , Hh          , Hh          , Aa          , Aa          , Ai          , Wwf         , Wo          , Ai          , Ai          , Ai          , Aa          , Aa          , Aa          , Aa          , Aa          , Aa          , Ha          , Ha          , Ha          , Ha          , Ha          , Aa          , Aa          , Aa          , Aa          , Aa          , Aa          , Aa          , Ha          , Ha          
Aa          , Aa          , Aa          , Aa          , Aa          , Aa          , Aa^Fpa      , Aa^Fpa      , Re          , Re          , Re          , Aa^Fpa      , Aa^Fpa      , Aa          , Ai          , Ai          , Ai          , Ai          , Ww          , Wwf         , Ai          , Ai          , Ai          , Ai          , Aa          , Aa          , Gs          , Gs          , Ss          , Hh          , Hh          , Hh          , Ss          , Gs          , Aa          , Ai          , Ai          , Ai          , Wo          , Wwf         , Wo          , Aa          , Aa          , Aa          , Aa          , Aa          , Aa          , Aa          , Ha          , Ha          , Ha          , Ha          , Ha          , Ha          , Aa          , Aa          , Aa          , Aa          , Aa          , Aa          , Ha          , Ha          
Aa          , Aa          , Aa          , Aa          , Ha          , Aa^Fpa      , Re          , Re          , Ss          , Ss          , Ss          , Re          , Re          , Aa^Fpa      , Ai          , Ai          , Ai          , Ww          , Ww          , Ai          , Wo          , Ai          , Ai          , Ai          , Aa          , Gs          , Ss          , Ss          , Ss          , Ss          , Ss          , Ss          , Gs          , Gs          , Aa          , Ai          , Wwf         , Ai          , Ai          , Wwf         , Wwf         , Aa          , Aa          , Aa          , Aa          , Aa          , Aa          , Aa          , Aa          , Ha          , Aa          , Aa          , Aa          , Aa          , Aa          , Aa          , Aa          , Aa          , Aa          , Ha          , Ha          , Ha          
Aa          , Aa          , Aa          , Ha          , Ha          , Aa^Fpa      , Re          , Ss          , Uu          , Uu          , Uu          , Ss          , Rb          , Rb          , Ai          , Ai          , Ai          , Ww          , Ww          , Wo          , Ai          , Ai          , Wwf         , Ai          , Ai          , Gs          , Ww          , Ss          , Gs          , Gs          , Gs          , Gs          , Aa          , Aa          , Ai          , Ai          , Ww          , Ai          , Ai          , Ai          , Aa          , Aa          , Aa          , Aa          , Aa          , Aa          , Aa          , Aa          , Aa          , Aa          , Aa          , Aa          , Aa          , Aa          , Aa          , Aa          , Aa          , Aa          , Ha          , Ha          , Ha          , Ha          
Aa          , Aa          , Aa          , Ha          , Ha          , Aa^Fpa      , Re          , Ss          , Uu          , Ql          , Uu          , Ss          , Rb          , Ai          , Wwf         , Ai          , Wwf         , Ww          , Ai          , Ai          , Wwf         , Wwf         , Ai          , Ai          , Ai          , Ss          , Rb          , Ww          , Wwf         , Aa          , Aa          , Aa          , Wwf         , Ai          , Ai          , Ai          , Ai          , Ai          , Aa          , Aa          , Aa          , Aa          , Aa          , Aa          , Aa          , Aa          , Aa          , Aa          , Aa          , Aa          , Aa          , Aa          , Aa          , Aa          , Aa          , Aa          , Aa          , Aa          , Ha          , Ha          , Ha          , Ha          
Aa          , Aa          , Aa          , Aa          , Aa^Fpa      , Aa^Fpa      , Re          , Ss          , Ss          , Uu          , Ss^Vhs      , Ss          , Ww          , Ai          , Ai          , Ai          , Wo          , Wwf         , Ai          , Wwf         , Wo          , Ai          , Wo          , Wwf         , Wo          , Wwf         , Wwf         , Rb          , Rb          , Wwf         , Ai          , Ai          , Ai          , Ai          , Ai          , Ai          , Aa          , Aa          , Aa          , Aa          , Aa          , Aa          , Aa^Fpa      , Aa          , Aa          , Aa          , Aa          , Aa          , Aa          , Aa          , Aa          , Aa          , Aa          , Aa          , Aa          , Aa          , Aa          , Ha          , Ha          , Ha          , Mm          , Mm          
Aa          , Aa          , Aa          , Aa          , Aa          , Aa^Fpa      , Gs          , Ss          , Ss          , Ss          , Ss          , Ss^Bw\      , Ww          , Ai          , Ai          , Ai          , Wo          , Wo          , Wo          , Wo          , Ai          , Wo          , Ai          , Wo          , Ai          , Wo          , Wo          , Wwf         , Ss          , Wwf         , Wo          , Ai          , Wo          , Wo          , Ai          , Aa          , Aa          , Aa          , Aa          , Aa          , Aa          , Aa          , Aa          , Aa^Fpa      , Aa^Fpa      , Aa^Fpa      , Aa^Fpa      , Aa          , Aa          , Aa          , Aa          , Aa          , Aa          , Aa          , Aa          , Aa          , Ha          , Ha          , Ha          , Ha          , Mm          , Mm          
Aa          , Aa          , Ai          , Aa          , Ai          , Ai          , Ai          , Ww          , Ww          , Ss          , Ww          , Ww          , Wo          , Ai          , Ai          , Ai          , Ww          , Wwf         , Ai          , Ai          , Ha          , Ha          , Ha          , Ai          , Ai          , Wo          , Wwf         , Wo          , Wo          , Wo          , Wo          , Wo          , Ai          , Ai          , Aa          , Aa          , Aa          , Aa          , Aa          , Aa          , Aa          , Aa          , Aa          , Aa^Fpa      , Aa^Fpa      , Aa^Fpa      , Gs^Fp       , Aa^Fpa      , Aa^Fpa      , Aa          , Aa          , Aa          , Aa          , Aa          , Aa          , Ha          , Ha          , Ha          , Mm          , Mm          , Mm^Xm       , Mm^Xm       
Ai          , Ai          , Ai          , Ai          , Ai          , Ai          , Ai          , Ai          , Ai          , Ww          , Wo          , Wo          , Ai          , Ai          , Ai          , Ai          , Wo          , Wo          , Ai          , Ha          , Ha          , Ha          , Ha          , Ha          , Aa          , Ai          , Ai          , Ai          , Ai          , Ai          , Ai          , Ai          , Aa          , Aa          , Aa          , Aa          , Aa          , Aa          , Aa          , Aa          , Aa          , Aa          , Aa^Fpa      , Aa^Fpa      , Gs^Fp       , Gs^Fp       , Re          , Gs^Fp       , Gs^Fp       , Aa^Fpa      , Aa^Fpa      , Aa          , Aa          , Aa          , Ha          , Ha          , Hh          , Mm          , Mm^Xm       , Mm^Xm       , Aa          , Aa          
Ai          , Ai          , Ai          , Ai          , Ai          , Ai          , Ai          , Ai          , Ww          , Ww          , Ai          , Wo          , Wo          , Ai          , Ww          , Ww          , Wo          , Wo          , Ai          , Ha          , Ha          , Ha          , Ha          , Ha          , Aa          , Aa          , Aa          , Aa          , Aa          , Aa          , Aa          , Aa          , Aa          , Aa          , Aa          , Aa          , Aa          , Aa          , Aa          , Aa          , Aa          , Aa^Fpa      , Gs^Fp       , Gs^Fp       , Gs^Fp       , Re          , Uu          , Re          , Re          , Gs^Fp       , Gs^Fp       , Aa^Fpa      , Aa^Fpa      , Aa          , Aa          , Hh          , Hh          , Hh          , Aa^Fpa      , Aa^Fpa      , Aa^Fpa      , Aa^Fpa      
Ai          , Ai          , Ww          , Ww          , Ww          , Ww          , Ai          , Ww          , Ww          , Ai          , Wo          , Wo          , Ww          , Ww          , Ai          , Ww          , Ww          , Ai          , Aa          , Aa          , Aa          , Ha          , Aa          , Aa          , Aa          , Aa          , Aa          , Aa          , Aa          , Aa          , Aa          , Aa          , Aa          , Aa          , Aa          , Aa          , Aa          , Aa          , Aa          , Aa          , Aa          , Aa^Fpa      , Gs^Fp       , Re          , Uu          , Uu          , Uh          , Uu          , Uu          , Re          , Gs^Fp       , Aa^Fpa      , Aa          , Aa          , Aa          , Hh          , Hh          , Hh          , Gs^Fp       , Gs^Fp       , Gs^Fp       , Aa^Fpa      
Ww          , Ww          , Wo          , Wo          , Wo          , Ww          , Ww          , Ww          , Ww          , Ww          , Ai          , Wo          , Ww          , Ai          , Ww          , Ww          , Ai          , Ai          , Aa          , Aa          , Aa          , Aa          , Aa          , Aa          , Aa          , Aa          , Aa          , Aa          , Aa          , Aa          , Aa          , Aa          , Aa          , Aa          , Aa          , Aa          , Aa          , Aa          , Aa          , Aa          , Aa          , Aa^Fpa      , Gs^Fp       , Re          , Uu          , Uh          , Ql          , Uh          , Uu          , Re          , Gs^Fp       , Aa^Fpa      , Aa^Fpa      , Aa          , Mm          , Mm          , Mm          , Hh          , Re          , Gs^Vht      , Gs^Fp       , Gs^Fp       
Wo          , Wo          , Wo          , Wo          , Ww          , Ww          , Ai          , Ww          , Ai          , Ai          , Ai          , Ai          , Ww          , Ww          , Ai          , Ai          , Aa          , Aa          , Aa          , Aa          , Aa          , Aa          , Aa          , Aa          , Aa          , Aa          , Aa          , Aa          , Aa          , Aa          , Aa          , Aa          , Aa          , Aa          , Aa          , Aa          , Aa          , Aa          , Aa          , Aa          , Aa          , Aa^Fpa      , Gs^Fp       , Re          , Uu          , Uh          , Uh          , Uh          , Uu          , Re          , Gs^Fp       , Aa^Fpa      , Aa          , Aa          , Mm          , Mm          , Mm          , Hh          , Uh          , Re          , Re          , Re          
Wo          , Wo          , Ai          , Ww          , Ai          , Ai          , Ai          , Ai          , Aa          , Aa          , Ai          , Ai          , Ai          , Ai          , Aa          , Aa          , Aa          , Aa          , Aa          , Aa          , Aa          , Aa          , Aa^Fpa      , Aa^Fpa      , Aa^Fpa      , Aa          , Aa          , Aa          , Aa          , Aa          , Aa          , Aa          , Aa          , Aa          , Aa          , Aa          , Aa          , Aa          , Aa          , Aa          , Aa^Fpa      , Aa^Fpa      , Gs^Fp       , Re          , Re          , Uu          , Uu          , Uu          , Re          , Gs^Fp       , Gs^Fp       , Aa^Fpa      , Aa          , Aa          , Hh          , Mm          , Hh          , Uh          , Ql          , Uh          , Re          , Gs^Fp       
Ai          , Ai          , Ai          , Ai          , Ai          , Ai          , Aa          , Aa          , Aa          , Aa          , Aa          , Ai          , Aa          , Aa          , Aa          , Aa          , Aa          , Aa          , Aa          , Aa          , Aa^Fpa      , Aa^Fpa      , Gs          , Gs          , Gs^Fp       , Aa^Fpa      , Aa^Fpa      , Aa          , Aa          , Aa          , Aa          , Aa          , Aa          , Aa          , Aa          , Aa          , Aa          , Aa          , Aa^Fpa      , Aa^Fpa      , Aa^Fpa      , Aa^Fpa      , Aa^Fpa      , Gs^Fp       , Gs^Fp       , Re          , Re          , Re          , Gs^Fp       , Gs^Fp       , Aa^Fpa      , Aa^Fpa      , Aa          , Aa          , Aa          , Hh          , Hh          , Uh          , Uh          , Uh          , Gs^Fp       , Gs^Fp       
Ai          , Ai          , Aa          , Aa          , Aa          , Aa          , Aa          , Aa          , Aa          , Aa          , Aa          , Aa          , Aa          , Aa          , Aa          , Aa          , Aa          , Aa          , Aa^Fpa      , Aa^Fpa      , Gs          , Gs          , Uu          , Uu          , Uu          , Gs^Fp       , Gs^Fp       , Aa^Fpa      , Aa^Fpa      , Aa          , Aa          , Aa          , Aa          , Aa          , Aa          , Aa          , Aa          , Aa^Fpa      , Aa^Fpa      , Aa^Fpa      , Aa          , Aa^Fpa      , Aa          , Aa^Fpa      , Gs^Fp       , Gs^Vht      , Gs^Fp       , Gs^Fp       , Aa^Fpa      , Aa^Fpa      , Aa          , Aa          , Aa          , Aa          , Aa          , Hh          , Mm^Xm       , Gs^Fp       , Gs^Fp       , Gs^Fp       , Aa^Fpa      , Aa^Fpa      
Aa          , Aa          , Aa          , Aa          , Aa          , Aa          , Aa          , Aa          , Aa          , Aa          , Aa          , Aa          , Aa          , Aa          , Aa          , Aa          , Aa          , Aa          , Aa^Fpa      , Gs^Fp       , Gs          , Uu          , Uh          , Uh          , Uh          , Uu          , Gs^Fp       , Aa^Fpa      , Aa^Fpa      , Aa^Fpa      , Aa^Fpa      , Aa          , Aa          , Aa          , Aa          , Aa          , Aa          , Aa          , Aa          , Aa          , Aa          , Aa          , Aa          , Aa          , Aa          , Gs^Fp       , Aa          , Aa^Fpa      , Aa          , Aa          , Aa          , Aa          , Aa          , Aa          , Aa          , Mm          , Mm          , Mm^Xm       , Mm^Xm       , Aa^Fpa      , Ha          , Aa^Fpa      
Aa          , Aa          , Aa          , Aa          , Aa          , Aa          , Aa          , Aa          , Ha          , Aa          , Ha          , Aa          , Ha          , Aa          , Aa          , Aa          , Aa          , Aa^Fpa      , Aa^Fpa      , Gs^Fp       , Gs          , Uu          , Uh          , Ql          , Uh          , Uu          , Gs^Fp       , Gs^Fp       , Gs^Fp       , Aa^Fpa      , Aa          , Aa          , Aa          , Aa          , Aa          , Aa          , Aa          , Aa          , Aa          , Aa          , Aa          , Aa          , Aa          , Aa          , Aa          , Aa          , Aa          , Aa          , Aa          , Aa          , Aa^Fpa      , Aa          , Aa^Fpa      , Aa          , Aa^Fpa      , Aa^Fpa      , Aa^Fpa      , Mm          , Mm          , Mm^Xm       , Mm^Xm       , Ha          
Aa          , Aa          , Aa          , Aa          , Aa          , Aa          , Ha          , Ha          , Ha          , Ha          , Ha          , Ha          , Ha          , Ha          , Aa          , Aa          , Aa          , Aa          , Aa^Fpa      , Gs^Fp       , Gs          , Uu          , Uu          , Uh          , Uu          , Uu          , Gs^Fp       , Hh          , Gs^Fp       , Aa^Fpa      , Aa          , Aa          , Aa          , Aa          , Aa          , Aa          , Aa          , Aa          , Aa          , Aa          , Aa          , Aa          , Aa          , Aa          , Aa          , Aa          , Aa          , Aa          , Aa^Fpa      , Aa^Fpa      , Aa^Fpa      , Aa^Fpa      , Aa^Fpa      , Aa^Fpa      , Aa^Fpa      , Aa^Fpa      , Aa^Fpa      , Mm          , Ha          , Ha          , Ha          , Mm^Xm       
Aa          , Aa          , Aa          , Aa          , Aa          , Aa          , Ha          , Ha          , Ha          , Ha          , Ha          , Ha          , Aa          , Aa          , Aa          , Aa          , Aa          , Aa          , Aa          , Aa^Fpa      , Gs^Fp       , Gs          , Gs          , Uu          , Gs^Fp       , Gs^Fp       , Hh          , Hh          , Gs^Fp       , Aa^Fpa      , Aa          , Aa          , Aa          , Aa          , Aa          , Aa          , Aa          , Aa          , Aa          , Aa          , Aa          , Aa          , Aa          , Aa          , Aa          , Aa          , Aa          , Aa          , Aa^Fpa      , Aa^Fpa      , Aa^Fpa      , Aa^Fpa      , Aa^Fpa      , Aa^Fpa      , Aa          , Aa^Fpa      , Aa          , Ha          , Ha          , Ha          , Ha          , Ha          
Aa          , Aa          , Aa          , Aa          , Aa          , Aa          , Aa          , Aa          , Aa          , Aa          , Aa          , Aa          , Aa          , Aa          , Aa          , Aa          , Aa          , Aa          , Aa          , Aa^Fpa      , Aa^Fpa      , Gs^Fp       , Hh          , Gs          , Gs          , Gs          , Hh          , Gs^Fp       , Aa^Fpa      , Aa^Fpa      , Aa          , Aa          , Aa          , Aa          , Aa          , Aa          , Aa          , Aa          , Aa          , Aa          , Aa          , Aa          , Aa          , Aa          , Aa          , Aa          , Aa          , Aa          , Aa          , Aa^Fpa      , Aa^Fpa      , Aa^Fpa      , Ha          , Aa          , Ha          , Ha          , Ha          , Ha          , Ha          , Ha          , Ha          , Ha          
Aa          , Aa          , Aa          , Aa          , Aa          , Aa          , Aa          , Aa          , Aa          , Aa          , Aa          , Aa          , Aa          , Aa          , Aa          , Aa          , Aa          , Aa          , Ha          , Aa          , Ha          , Aa^Fpa      , Ha          , Hh          , Hh          , Hh          , Aa^Fpa      , Aa^Fpa      , Aa          , Aa          , Aa          , Aa          , Aa          , Aa          , Aa          , Aa          , Aa          , Aa          , Aa          , Aa          , Aa          , Aa          , Aa          , Aa          , Aa          , Aa          , Ha          , Ha          , Ha          , Ha          , Ha          , Ha          , Ha          , Ha          , Ha          , Ha          , Ha          , Ha          , Ha          , Ha          , Ha          , Ha          
Aa          , Aa          , Aa          , Aa          , Aa          , Aa          , Aa          , Aa          , Aa          , Aa          , Aa          , Aa          , Aa          , Aa          , Ha          , Ha          , Ha          , Ha          , Ha          , Ha          , Ha          , Ha          , Ha          , Ha          , Ha          , Ha          , Ha          , Aa          , Aa          , Aa          , Aa          , Aa          , Aa          , Aa          , Aa          , Aa          , Aa          , Aa          , Aa          , Aa          , Aa          , Aa          , Aa          , Aa          , Aa          , Ha          , Ha          , Ha          , Ha          , Ha          , Ha          , Ha          , Ha          , Ha          , Ha          , Ha          , Ha          , Ha          , Ha          , Ha          , Ha          , Ha          
