Xos, Xos, Xos, Xos, Xos, Xos, Xos, Xos, Xos, Xos, Xos, Xos, Xos, Xos, Xos, Xos, Xos, Xos, Xos, Xos, Xos, Xos, Xos, Xos, Xos, Xos, Xos, Xos, Xos, Xos, Xos, Xos, Xos, Xos, Xos, Xos, Xos, Xos, Xos, Xos, Xos, Xos, Xos, Xos, Xos, Xos
Xos, Xos, Xos, Xos, Rrc^Yfra, Xos, Rra^Yfra, Rrc^Yfra, Rra^Yfra, Rrc^Yfra, Rra^Yfra, Rrc^Yfra, Rrc^Yfra, Xos, Xos, Xos, Xos, Xos, Rrc, Xos, Xos, Xos, Rrc, Xos, Xos, Xos, Xos^Enfy, Xos, Irs, Irs, Irs, Xos, Xos, Xos, Irs, Xos, Xos^Enfy, Xos, Irs, Xos, Xos^Enfy, Xos, Xos, Xos, Xos, Xos
Xos, Xos, Rrc^Yfra, Rrc^Yfra, Rrc^Yfro, Rrc^Yfra, Rra^Yfra, Rra^Yfra, Ai^Yfro, Rra^Yfra, Ai^Yfro, Rra^Yfra, Rra^Yfra, Rrc, Rrc, Xos, Rrc, Rrc, Rrc, Xos, Xos, Rrc, Rrc, Rrc, Rrc, Rrc, Irs, Irs, Irs, Irs, Icr, Icr^Bryu, 2 Icr^Kov, Icr^Bryu, Icr, Irs, Irs, Irs, Irs^Ii, Irs, Irs, Rrc, Rrc, Xos, Xos, Xos
Xos, Xos, Rrc^Yfra, Rrc^Yfra, Rra^Yfro, Rra^Yfro, Ai^Yfro, Ai^Yfro, Ai^Yfro, Ai^Yfro, Ai^Yfro, Rra^Yfra, Rra, Rrc, Rrc, Xos, Xos, Rrc, Rrc, Xos, Rrc^Pr\, Rrc, Rrc, Rrc, Rrc, Irs, Irs, Irs, Irs, Icr, Icr, Icr^Cov, Icr, Icr^Cov, Icr, Icr, Irs, Irs, Irs, Irs, Rrc, Rrc, Rrc, Rrc, Rrc, Xos
Xos, Rrc, Rrc, Rra^Yfra, Ai^Yfro, Ai^Yfro, Ai^Yfro, Ai^Yfro, Ai^Yfro, Ai^Yfro, Ai^Yfro, Ai^Yfro, Rra, Rrc, Rrc, Xos, Xos, Rrc, Rrc, Rrc, Xos, Xos, Rrc, Rrc, Rrc^Esd, Rrc, Rrc, Irs, Irs, Irs, Irs, Icr, Icr, Icr, Irs, Irs, Irs, Irs, Rrc, Rrc, Rrc, Rrc, Rrc, Rrc, Rrc, Xos
Xos, Rrc, Rra, Rra^Yfra, Rra, Ai^Yfro, Ai^Yfro, Ai^Yfro, Ai, Ai^Yfro, Ai^Yfro, Ai, Rra, Rra, Rrc, Rrc, Xos, Rrc, Rrc, Rrc, Rrc, Rrc^Pr\, Xos, Rrc, Rrc, Rrc, Rrc, Rrc, Rrc, Irs^Es, Irs, Icr, Icr^Es, Icr, Irs, Irs, Rrc, Rrc, Rrc, Rrc, Rrc, Rrc, Xos, Xos, Xos, Xos
Xos, Rrc, Rrc, Rra, Rrc, Rra, Rra, Ai, Rra, Ai, Ai, Ai, Rra, Rra, Rra, Rrc, Urb, Urb^Esa, Rra, Rrc, Rrc, Rrc, Rrc, Xos, Rrc^Pr\, Rrc, Rrc, Rrc, Xos, Rrc, Rrc, Icr, Icr, Icr, Rrc, Rrc, Xos, Rrc, Rrc, Rrc, Rrc^Pr/, Xos, Rrc, Xos, Xos, Xos
Xos, Xos, Xos, Rrc, Xos, Rrc, Rrc, Rra, Rrc, Rra, Rra, Rra, Rra, Rrc, Rrc, Rrc, Xos, Urb, Rrc, Rrc, Rrc, Rrc, Rrc, Rrc, Rrc, Rrc^Pr\, Xos, Rrc, Xos, Rrc, Rrc, Rrc, Rrc, Rrc, Rrc, Rrc, Xos, Rrc, Xos, Rrc^Pr/, Rrc, Rrc, Rrc, Rrc, Xos, Xos
Xos, Xos, Xos, Xos, Xos, Xos, Xos, Rrc, Xos, Rrc, Urb, Rrc, Rrc, Rrc, Rra, Rrc, Urb, Xos, Rrc, Rrc, Rrc, Rrc, Rrc, Rrc^Es, Rrc, Rrc, Rrc, Xos, Xos, Rrc, Xos, Rrc, Xos, Rrc, Xos, Rrc, Xos, Xos, Rrc, Rrc, Rrc, Rrc, Rrc, Rrc, Xos, Xos
Xos, Xos, Xos, Xos, Xos, Xos, Xos, Xos, Xos, Xos, Urb, Urb, Urb, Rrc, Rrc, Rrc, Urb, Xos, Rrc, Rrc, Xos, Rrc, Rrc, Rrc, Rrc, Rrc, Rrc, Rrc, Xos, Xos, Xos, Rrc^Pr|o, Xos^Enfy, Rrc^Pr|o, Xos, Xos, Xos, Rrc, Rrc, Rrc, Rrc, Rrc, Rrc, Rrc, Rrc, Xos
Xos, Xos, Xos, Xos, Urb, Urb, Urb, Xos, Urb, Urb^Pr\, Xos, Xos, Xos, Rrc, Urb, Urb, Urb, Xos, Xos, Xos, Rrc, Rrc, Rrc, Rrc, Rrc, Rrc, Rrc, Rrc, Xos, Xos, Rrc, Rrc, Rrc, Rrc, Rrc, Xos, Xos, Rrc, Rrc, Rrc, Rrc, Rrc^Esa, Rrc, Rrc, Rrc, Xos
Xos, Xos, Urb, Urb, Urb, Urb^Esd, Urb, Urb, Urb, Xos, Xos, Xos, Xos, Xos, Urb, Urb, Urb, Urb, Xos, Rrc, Rrc, Rrc, Rrc, Rrc, Rrc, Rrc, Rrc, Rrc, Xos, Rrc, Rrc, Rrc, Rrc, Rrc, Rrc, Rrc, Xos, Rrc, Rrc, Rrc, Rrc, Rrc, Rrc, Rrc, Rrc, Xos
Xos, Xos, Urb, Urb, Urb, Urb, Urb, Urb, Urb, Urb, Urb, Xos, Xos, Xos, Xos, Urb, Urb, Urb, Xos, Rrc, Xos, Rrc, Rrc, Rrc, Rrc, Rrc, Rrc^Pr/, Rrc^Pr/o, Rrc, Rrc, Rrc, Rrc, Rrc^Es, Rrc, Rrc, Rrc, Rrc, Rrc^Pr\o, Rrc^Pr\, Rrc, Rrc, Rrc, Rrc, Rrc, Rrc, Xos
Xos, Xos, Urb, Urb, Urb^Pr/, Xos, Xos, Urb, Urb, Urb, Urb, Urb, Urb, Xos, Xos, Xos, Xos, Xos, Xos, Xos, Xos, Xos, Xos, Xos, Xos, Xos, Xos, Rrc, Rrc, Rrc, Rrc, Rrc, Rrc, Rrc, Rrc, Rrc, Rrc, Rrc, Xos, Xos, Rrc, Rrc, Rrc, Rrc, Xos, Xos
Xos, Xos, Xos, Xos, Urb, Urb, Urb, Xos, Xos, Urb, Urb, Urb, Urb, Urb, Urb, Xos, Xos, Xos, Xos, Xos, Xos, Xos, Xos, Xos, Xos, Xos, Xos, Xos, Rrc, Rrc, Rrc, Rrc, Rrc, Rrc, Xos, Rrc, Xos, Xos, Xos, Xos, Rrc, Rrc, Rrc, Rrc, Xos, Xos
Xos, Xos, Urb, Urb, Urb^Esd, Urb, Urb, Urb, Urb, Xos, Xos, Xos, Urb^Pr\, Urb, Urb, Urb, Urb^Pr/, Xos, Urb, Xos, Ior, Xos, Xos, Xos, Ior, Xos, Xos, Xos, Xos, Rrc, Xos, Rrc, Xos, Xos, Xos, Xos, Xos, Xos, Iwr, Xos, Xos, Xos, Xos, Xos, Xos, Xos
Xos, Xos, Urb, Urb, Urb, Urb, Urb, Urb, Xos, Xos, Urb, Urb, Urb, Xos, Xos, Urb^Pr/, Urb, Urb, Ior, Ior, Ior, Ior, Ior, Ior, Ior, Ior, Ior, Ior, Xos, Rrc^Pr|o, Xos^Enfy, Rrc^Pr|, Xos, Ior, Ior, Ior, Rb, Iwr, Rb, Ior, Rb, Xos, Ior, Xos, Xos, Xos
Xos, Xos, Xos, Urb, Urb, Urb, Xos, Xos, Urb, Urb, Urb, Urb, Urb, Urb, Xos, Xos, Ior, Ior, Ior, Ior, Iwr, Iwr, Iwr, Ior, Iwr, Ior, Ior, Ior, Ior, Ior, Ior, Ior, Ior, Ior, Rb, Rb, Rb, Rb, Xom, Rb, Rb, Rb, Rb, Ior, Xos, Xos
Xos, Xos, Xos, Xos, Xos, Xos, Urb, Urb, Urb, Urb, Urb, Urb, Xos, Xos, Ior, Ior, Ior, Ior, Ior, Ior^Esa, Ior, Iwr, Ior, Iwr, Ior, Iwr, Ior, Ior, Ior, Ior, Ior, Ior, Ior, Ior, Ior, Rb, Rb, Xom, Xom, Xom, Rb, Rb, Rb, Rb, Xos, Xos
Xos, Xos, Xos, Xos, Xos, Xos, Xos, Urb, Xos, Urb, Urb, Urb, Xos, Ior, Ior, Ior, Urb, Urb, Urb, Urb, Urb, Ior, Ior, Ior, Ior, Iwr, Iwr, Ior, Iwr, Ior, Iwr, Ior, Iwr, Ior, Ior, Rb, Rb, Rb, Rb, Rb, Rb, Rb, Rb, Rb, Xos, Xos
Xos, Xos, Xos, Xos, Xos, Xos, Xos, Xos, Xos, Xos, Xos, Urb, Xos, Ior, Ior, Ior, Urb^Esa, Urb, Urb, Urb, Urb, Urb, Urb, Urb, Iwr, Iwr, Ior, Iwr, Ior, Iwr, Iwr, Iwr, Iwr, Iwr, Xos, Ior, Rb, Rb^Es, Rb, Rb, Rb, Rb, Iwr, Iwr, Xos, Xos
Ai, Xos, Xos, Xos, Ai, Xos, Xos, Xos, Xos, Xos, Xos, Xos, Xos, Ior, Ior, Urb, Urb, Urb, Aa, Urb^Esa, Aa, Urb, Urb, Urb^Esa, Urb, Ior, Ior, Ior, Iwr, Iwr, Iwr, Iwr, Xos, Urb^Pr/, Urb, Xos, Xos, Rb, Xos, Xos, Urb^Pr|, Xos, Xos, Xos, Xos, Xos
Ai, Ai, Ai, Ai, Wog, Ai, Ai, Xos, Xos, Xos, Xos, Xos, Xos, Xos, Xos, Xos, Xos, Aa, Ai, Aa, Ai, Aa, Xos, Urb, Urb, Ior, Xos, Ior, Xos, Iwr, Xos, Xos, Xos, Urb, Urb, Urb, Xos, Xos, Xos, Xos, Urb, Xos, Xos, Xos, Xos, Xos
Ai, Ai, Ai, Ai, Ai, Wog, Ai, Ai, Ai, Ai, Aa^Fpa, Xos, Xos, Xos, Xos, Xos, Xos, Ss, Ss, Ss, Rb, Ai, Xos, Xos, Xos, Xos, Xos, Xos, Xos, Xos, Xos, Xos, Xos, Xos, Xos, Xos, Xos, Xos, Xos, Urb, Urb, Urb, Xos, Xos, Xos, Xos
Ai, Ai, Ai, Ai, Ai, Ai, Ai, Ai, Ai, Ai, Ai, Ai, Ai, Xos, Xos, Xos, Ai, Ss, Ss, Aa, Aa, Ai, Ai, Xos, Xos, Xos, Xos, Aa, Ai, Xos, Ai, Ai, Ai, Ai, Ai, Xos, Ai, Xos, Xos, Xos, Xos, Xos, Xos, Xos, Ai, Xos
Ai, Ai, Ai, Ai, Ai, Ai, Ai, Ai, Ai, Ai, Ai, Ai, Ai, Ai, Ai, Ai, Ai, Ai, Ai^Bw/r, Rp, Ai, Aa, Ai, Xos, Xos, Xos, Ai, Aa^Fpa, Ai, Ai, Ai, Ai, Ai, Ai, Ai, Ai, Ai, Ai, Ai, Xos, Xos, Xos, Ai, Ai, Ai, Ai
Ai, Ai, Ai, Ai, Ai, Ai, Ai, Ai, Ai, Ai, Ai, Ai, Ai, Ai, Ai, Ai, Ai, Ss, Ai, Ai, Ss, Ai, Ai, Ai, Ai, Ai, Ai, Ai, Wog, Ai, Ai, Ai, Ai, Ai, Ai, Ai, Ai, Ai, Ai, Ai, Ai, Ai, Ai, Ai, Ai, Ai
Ai, Ai, Ai, Ai, Ai, Ai, Ai, Ai, Ai, Ai, Ai, Ai, Ai, Ai, Ss, Ai, Ai, Ai, Ss, Ai, Ai, Ai, Ss, Ai, Ai, Ai, Ai, Ai, Ai, Ai, Ai, Ai, Ai, Ai, Ai, Ai, Ai, Ai, Ai, Ai, Ai, Ai, Ai, Ai, Ai, Ai
Aa, Ai, Ai, Ai, Ai, Ai, Ai, Ai, Ai, Ai, Ai, Ai, Ai, Ai, Ai, Ai, Ai, Ss, Ai, Ss, Ss, Ss, Ai, Ai, Aa, Aa, Aa, Ai, Ai, Ai, Ai, Ai, Ai, Ai, Ai, Ai, Ai, Ai, Ai, Ai, Ai, Ai, Ai, Ai, Ai, Ai
Aa, Aa, Aa, Ai, Ai, Ai, Ai, Ai, Ai, Ai, Ai, Wog, Wog, Wog, Ai, Ai, Ai, Ai, Aa, Ss, Ai, Ai, Ss, Aa^Fpa, Aa^Fpa, Aa^Vca, Aa, Ai, Ai, Ai, Ai, Ai, Ai, Ai, Ai, Ai, Ai, Ai, Ai, Ai, Ai, Ai, Ai, Ai, Ai, Ai
Ha, Aa, Aa, Aa, Aa, Ai, Ai, Ai, Ai, Ai, Ai^Bw/r, Wog^Bw/r, Ai, Wog, Ai, 1 Ai, Ai, Ai, Ss, Aa, Ai, Ai, Ai, Aa^Fpa, Aa, Aa, Ai, Ai, Ai, Ai, Ai, Ai, Ai, Ai, Ai, Ai, Ai, Ai, Ai, Ai, Ai, Ai, Ai, Ai, Ai, Ai
Aa^Fpa, Aa, Aa, Aa, Aa, Aa, Aa, Ai, Rb, Ai^Bw/r, Ai, Ai, Ai, Ai, Ai, Ai, Ai, Ai, Ai, Ai, Ai, Ai, Ai, Aa, Ai, Ai, Ai, Ai, Ai, Ai, Ai, Ai, Ai, Ai, Ai, Ai, Ai, Ai, Ai, Ai, Ai, Ai, Ai, Ai, Aa, Aa
Aa^Fpa, Aa^Vca, Aa, Aa, Rb, Aa, Rb, Rb, Aa, Aa, Aa, Aa, Aa, Ai, Aa, Ai, Aa, Ai, Ai, Ai, Ai, Ai, Ai, Ai, Ai, Ai, Ai, Ai, Ai, Ai, Ai, Ai, Ai, Ai, Ai, Ai, Ai, Ai, Ai, Ai, Ai, Ai, Aa, Aa, Aa, Aa
Aa^Fpa, Aa^Fpa, Rb, Rb, Rb, Rb, Aa, Aa, Aa, Aa^Vca, Aa^Fpa, Aa, Aa^Fpa, Aa, Aa, Aa, Aa, Aa, Aa, Ai, Ai, Ai, Ai, Ai, Ai, Ai, Ai, Ai, Ai, Ai, Ai, Ai, Ai, Ai, Ai, Ai, Ai, Ai, Ai, Ai, Aa, Aa, Aa, Aa, Ha, Ha
Aa^Fpa, Aa^Fpa, Rb, Rb, Aa, Aa, Aa, Aa, Aa, Aa^Fpa, Aa^Fpa, Aa^Fpa, Aa^Fpa, Aa^Fpa, Aa^Fpa, Aa, Aa, Aa, Aa, Aa, Aa, Aa, Aa, Ai, Ai, Ai, Ai, Ai, Ai, Ai, Ai, Ai, Ai, Ai, Aa, Aa, Aa, Aa, Aa, Aa, Aa, Aa, Ha, Ha, Ha, Ha
